[    0.000000] Linux version 5.15.0-89-generic (buildd@bos03-amd64-016) (gcc (Ubuntu 11.4.0-1ubuntu1~22.04) 11.4.0, GNU ld (GNU Binutils for Ubuntu) 2.38) #99-Ubuntu SMP Mon Oct 30 20:42:41 UTC 2023 (Ubuntu 5.15.0-89.99-generic 5.15.126)
[    0.000000] Command line: BOOT_IMAGE=/boot/vmlinuz-5.15.0-89-generic root=UUID=66add23f-3d34-46f1-a540-ebfdd268827e ro ip=dhcp console=ttyS0,115200 console=tty console=ttyS0 text
[    0.000000] KERNEL supported cpus:
[    0.000000]   Intel GenuineIntel
[    0.000000]   AMD AuthenticAMD
[    0.000000]   Hygon HygonGenuine
[    0.000000]   Centaur CentaurHauls
[    0.000000]   zhaoxin   Shanghai  
[    0.000000] BIOS-provided physical RAM map:
[    0.000000] BIOS-e820: [mem 0x0000000000000000-0x000000000009fbff] usable
[    0.000000] BIOS-e820: [mem 0x000000000009fc00-0x000000000009ffff] reserved
[    0.000000] BIOS-e820: [mem 0x00000000000f0000-0x00000000000fffff] reserved
[    0.000000] BIOS-e820: [mem 0x0000000000100000-0x00000000bffd4fff] usable
[    0.000000] BIOS-e820: [mem 0x00000000bffd5000-0x00000000bfffffff] reserved
[    0.000000] BIOS-e820: [mem 0x00000000feffc000-0x00000000feffffff] reserved
[    0.000000] BIOS-e820: [mem 0x00000000fffc0000-0x00000000ffffffff] reserved
[    0.000000] BIOS-e820: [mem 0x0000000100000000-0x000000013fffffff] usable
[    0.000000] NX (Execute Disable) protection: active
[    0.000000] SMBIOS 2.8 present.
[    0.000000] DMI: QEMU Standard PC (i440FX + PIIX, 1996), BIOS rel-1.16.2-0-gea1b7a073390-prebuilt.qemu.org 04/01/2014
[    0.000000] Hypervisor detected: KVM
[    0.000000] kvm-clock: Using msrs 4b564d01 and 4b564d00
[    0.000000] kvm-clock: cpu 0, msr bc801001, primary cpu clock
[    0.000003] kvm-clock: using sched offset of 5295425751 cycles
[    0.000007] clocksource: kvm-clock: mask: 0xffffffffffffffff max_cycles: 0x1cd42e4dffb, max_idle_ns: 881590591483 ns
[    0.000012] tsc: Detected 2593.748 MHz processor
[    0.000887] e820: update [mem 0x00000000-0x00000fff] usable ==> reserved
[    0.000890] e820: remove [mem 0x000a0000-0x000fffff] usable
[    0.000895] last_pfn = 0x140000 max_arch_pfn = 0x400000000
[    0.000938] x86/PAT: Configuration [0-7]: WB  WC  UC- UC  WB  WP  UC- WT  
[    0.000950] last_pfn = 0xbffd5 max_arch_pfn = 0x400000000
[    0.010008] found SMP MP-table at [mem 0x000f5b90-0x000f5b9f]
[    0.010036] Using GB pages for direct mapping
[    0.010667] RAMDISK: [mem 0x2aee9000-0x3176bfff]
[    0.010684] ACPI: Early table checksum verification disabled
[    0.010713] ACPI: RSDP 0x00000000000F5990 000014 (v00 BOCHS )
[    0.010721] ACPI: RSDT 0x00000000BFFE1C0D 000034 (v01 BOCHS  BXPC     00000001 BXPC 00000001)
[    0.010731] ACPI: FACP 0x00000000BFFE1AA9 000074 (v01 BOCHS  BXPC     00000001 BXPC 00000001)
[    0.010739] ACPI: DSDT 0x00000000BFFE0040 001A69 (v01 BOCHS  BXPC     00000001 BXPC 00000001)
[    0.010744] ACPI: FACS 0x00000000BFFE0000 000040
[    0.010749] ACPI: APIC 0x00000000BFFE1B1D 000090 (v01 BOCHS  BXPC     00000001 BXPC 00000001)
[    0.010753] ACPI: HPET 0x00000000BFFE1BAD 000038 (v01 BOCHS  BXPC     00000001 BXPC 00000001)
[    0.010758] ACPI: WAET 0x00000000BFFE1BE5 000028 (v01 BOCHS  BXPC     00000001 BXPC 00000001)
[    0.010762] ACPI: Reserving FACP table memory at [mem 0xbffe1aa9-0xbffe1b1c]
[    0.010764] ACPI: Reserving DSDT table memory at [mem 0xbffe0040-0xbffe1aa8]
[    0.010765] ACPI: Reserving FACS table memory at [mem 0xbffe0000-0xbffe003f]
[    0.010766] ACPI: Reserving APIC table memory at [mem 0xbffe1b1d-0xbffe1bac]
[    0.010767] ACPI: Reserving HPET table memory at [mem 0xbffe1bad-0xbffe1be4]
[    0.010768] ACPI: Reserving WAET table memory at [mem 0xbffe1be5-0xbffe1c0c]
[    0.011182] No NUMA configuration found
[    0.011184] Faking a node at [mem 0x0000000000000000-0x000000013fffffff]
[    0.011199] NODE_DATA(0) allocated [mem 0x13ffd4000-0x13fffdfff]
[    0.011524] Zone ranges:
[    0.011525]   DMA      [mem 0x0000000000001000-0x0000000000ffffff]
[    0.011527]   DMA32    [mem 0x0000000001000000-0x00000000ffffffff]
[    0.011529]   Normal   [mem 0x0000000100000000-0x000000013fffffff]
[    0.011531]   Device   empty
[    0.011532] Movable zone start for each node
[    0.011535] Early memory node ranges
[    0.011536]   node   0: [mem 0x0000000000001000-0x000000000009efff]
[    0.011538]   node   0: [mem 0x0000000000100000-0x00000000bffd4fff]
[    0.011539]   node   0: [mem 0x0000000100000000-0x000000013fffffff]
[    0.011541] Initmem setup node 0 [mem 0x0000000000001000-0x000000013fffffff]
[    0.012060] On node 0, zone DMA: 1 pages in unavailable ranges
[    0.012089] On node 0, zone DMA: 97 pages in unavailable ranges
[    0.034515] On node 0, zone Normal: 43 pages in unavailable ranges
[    0.034941] ACPI: PM-Timer IO Port: 0x608
[    0.034978] ACPI: LAPIC_NMI (acpi_id[0xff] dfl dfl lint[0x1])
[    0.035030] IOAPIC[0]: apic_id 0, version 17, address 0xfec00000, GSI 0-23
[    0.035035] ACPI: INT_SRC_OVR (bus 0 bus_irq 0 global_irq 2 dfl dfl)
[    0.035037] ACPI: INT_SRC_OVR (bus 0 bus_irq 5 global_irq 5 high level)
[    0.035039] ACPI: INT_SRC_OVR (bus 0 bus_irq 9 global_irq 9 high level)
[    0.035044] ACPI: INT_SRC_OVR (bus 0 bus_irq 10 global_irq 10 high level)
[    0.035045] ACPI: INT_SRC_OVR (bus 0 bus_irq 11 global_irq 11 high level)
[    0.035049] ACPI: Using ACPI (MADT) for SMP configuration information
[    0.035051] ACPI: HPET id: 0x8086a201 base: 0xfed00000
[    0.035057] TSC deadline timer available
[    0.035059] smpboot: Allowing 4 CPUs, 0 hotplug CPUs
[    0.035080] kvm-guest: KVM setup pv remote TLB flush
[    0.035084] kvm-guest: setup PV sched yield
[    0.035101] PM: hibernation: Registered nosave memory: [mem 0x00000000-0x00000fff]
[    0.035103] PM: hibernation: Registered nosave memory: [mem 0x0009f000-0x0009ffff]
[    0.035105] PM: hibernation: Registered nosave memory: [mem 0x000a0000-0x000effff]
[    0.035106] PM: hibernation: Registered nosave memory: [mem 0x000f0000-0x000fffff]
[    0.035108] PM: hibernation: Registered nosave memory: [mem 0xbffd5000-0xbfffffff]
[    0.035109] PM: hibernation: Registered nosave memory: [mem 0xc0000000-0xfeffbfff]
[    0.035110] PM: hibernation: Registered nosave memory: [mem 0xfeffc000-0xfeffffff]
[    0.035111] PM: hibernation: Registered nosave memory: [mem 0xff000000-0xfffbffff]
[    0.035112] PM: hibernation: Registered nosave memory: [mem 0xfffc0000-0xffffffff]
[    0.035114] [mem 0xc0000000-0xfeffbfff] available for PCI devices
[    0.035116] Booting paravirtualized kernel on KVM
[    0.035125] clocksource: refined-jiffies: mask: 0xffffffff max_cycles: 0xffffffff, max_idle_ns: 7645519600211568 ns
[    0.035143] setup_percpu: NR_CPUS:8192 nr_cpumask_bits:4 nr_cpu_ids:4 nr_node_ids:1
[    0.035858] percpu: Embedded 61 pages/cpu s212992 r8192 d28672 u524288
[    0.035867] pcpu-alloc: s212992 r8192 d28672 u524288 alloc=1*2097152
[    0.035870] pcpu-alloc: [0] 0 1 2 3 
[    0.035908] kvm-guest: setup async PF for cpu 0
[    0.035912] kvm-guest: stealtime: cpu 0, msr 13bc33080
[    0.035916] kvm-guest: PV spinlocks enabled
[    0.035918] PV qspinlock hash table entries: 256 (order: 0, 4096 bytes, linear)
[    0.035931] Built 1 zonelists, mobility grouping on.  Total pages: 1031893
[    0.035932] Policy zone: Normal
[    0.035934] Kernel command line: BOOT_IMAGE=/boot/vmlinuz-5.15.0-89-generic root=UUID=66add23f-3d34-46f1-a540-ebfdd268827e ro ip=dhcp console=ttyS0,115200 console=tty console=ttyS0 text
[    0.036018] Unknown kernel command line parameters "text BOOT_IMAGE=/boot/vmlinuz-5.15.0-89-generic ip=dhcp", will be passed to user space.
[    0.037198] Dentry cache hash table entries: 524288 (order: 10, 4194304 bytes, linear)
[    0.037803] Inode-cache hash table entries: 262144 (order: 9, 2097152 bytes, linear)
[    0.037910] mem auto-init: stack:off, heap alloc:on, heap free:off
[    0.076124] Memory: 3889192K/4193740K available (16393K kernel code, 4393K rwdata, 10872K rodata, 3356K init, 18716K bss, 304288K reserved, 0K cma-reserved)
[    0.076412] SLUB: HWalign=64, Order=0-3, MinObjects=0, CPUs=4, Nodes=1
[    0.076434] Kernel/User page tables isolation: enabled
[    0.076476] ftrace: allocating 50664 entries in 198 pages
[    0.100863] ftrace: allocated 198 pages with 4 groups
[    0.101591] rcu: Hierarchical RCU implementation.
[    0.101594] rcu: 	RCU restricting CPUs from NR_CPUS=8192 to nr_cpu_ids=4.
[    0.101596] 	Rude variant of Tasks RCU enabled.
[    0.101596] 	Tracing variant of Tasks RCU enabled.
[    0.101598] rcu: RCU calculated value of scheduler-enlistment delay is 25 jiffies.
[    0.101599] rcu: Adjusting geometry for rcu_fanout_leaf=16, nr_cpu_ids=4
[    0.105369] NR_IRQS: 524544, nr_irqs: 456, preallocated irqs: 16
[    0.105593] random: crng init done
[    0.119315] Console: colour VGA+ 80x25
[    0.154862] printk: console [tty0] enabled
[    0.258643] printk: console [ttyS0] enabled
[    0.259514] ACPI: Core revision 20210730
[    0.260979] clocksource: hpet: mask: 0xffffffff max_cycles: 0xffffffff, max_idle_ns: 19112604467 ns
[    0.262815] APIC: Switch to symmetric I/O mode setup
[    0.264115] x2apic enabled
[    0.265023] Switched APIC routing to physical x2apic.
[    0.266046] kvm-guest: setup PV IPIs
[    0.267916] ..TIMER: vector=0x30 apic1=0 pin1=2 apic2=-1 pin2=-1
[    0.269115] clocksource: tsc-early: mask: 0xffffffffffffffff max_cycles: 0x25632a14f90, max_idle_ns: 440795228339 ns
[    0.271092] Calibrating delay loop (skipped) preset value.. 5187.49 BogoMIPS (lpj=10374992)
[    0.272748] x86/cpu: User Mode Instruction Prevention (UMIP) activated
[    0.274095] Last level iTLB entries: 4KB 0, 2MB 0, 4MB 0
[    0.275090] Last level dTLB entries: 4KB 0, 2MB 0, 4MB 0, 1GB 0
[    0.276212] Spectre V1 : Mitigation: usercopy/swapgs barriers and __user pointer sanitization
[    0.277847] Spectre V2 : Mitigation: Retpolines
[    0.279090] Spectre V2 : Spectre v2 / SpectreRSB mitigation: Filling RSB on context switch
[    0.280663] Spectre V2 : Spectre v2 / SpectreRSB : Filling RSB on VMEXIT
[    0.281932] Spectre V2 : Enabling Restricted Speculation for firmware calls
[    0.283091] Spectre V2 : mitigation: Enabling conditional Indirect Branch Prediction Barrier
[    0.284732] Speculative Store Bypass: Mitigation: Speculative Store Bypass disabled via prctl and seccomp
[    0.286535] MDS: Mitigation: Clear CPU buffers
[    0.287090] MMIO Stale Data: Vulnerable: Clear CPU buffers attempted, no microcode
[    0.288578] x86/fpu: Supporting XSAVE feature 0x001: 'x87 floating point registers'
[    0.290070] x86/fpu: Supporting XSAVE feature 0x002: 'SSE registers'
[    0.291090] x86/fpu: Supporting XSAVE feature 0x004: 'AVX registers'
[    0.292272] x86/fpu: xstate_offset[2]:  576, xstate_sizes[2]:  256
[    0.293478] x86/fpu: Enabled xstate features 0x7, context size is 832 bytes, using 'standard' format.
[    0.315886] Freeing SMP alternatives memory: 44K
[    0.316844] pid_max: default: 32768 minimum: 301
[    0.317800] LSM: Security Framework initializing
[    0.318741] landlock: Up and running.
[    0.319090] Yama: becoming mindful.
[    0.319848] AppArmor: AppArmor initialized
[    0.320722] Mount-cache hash table entries: 8192 (order: 4, 65536 bytes, linear)
[    0.322193] Mountpoint-cache hash table entries: 8192 (order: 4, 65536 bytes, linear)
[    0.323416] smpboot: CPU0: Intel(R) Xeon(R) CPU E5-2660 v3 @ 2.60GHz (family: 0x6, model: 0x3f, stepping: 0x2)
[    0.325449] Performance Events: Haswell events, full-width counters, Intel PMU driver.
[    0.327073] ... version:                2
[    0.327093] ... bit width:              48
[    0.327938] ... generic registers:      4
[    0.328760] ... value mask:             0000ffffffffffff
[    0.331091] ... max period:             00007fffffffffff
[    0.332137] ... fixed-purpose events:   3
[    0.332956] ... event mask:             000000070000000f
[    0.334117] signal: max sigframe size: 1776
[    0.335014] rcu: Hierarchical SRCU implementation.
[    0.335579] smp: Bringing up secondary CPUs ...
[    0.336601] x86: Booting SMP configuration:
[    0.337438] .... node  #0, CPUs:      #1
[    0.161502] kvm-clock: cpu 1, msr bc801041, secondary cpu clock
[    0.339817] kvm-guest: setup async PF for cpu 1
[    0.343088] kvm-guest: stealtime: cpu 1, msr 13bcb3080
[    0.347328]  #2
[    0.161502] kvm-clock: cpu 2, msr bc801081, secondary cpu clock
[    0.352020] kvm-guest: setup async PF for cpu 2
[    0.355088] kvm-guest: stealtime: cpu 2, msr 13bd33080
[    0.359751]  #3
[    0.161502] kvm-clock: cpu 3, msr bc8010c1, secondary cpu clock
[    0.360947] kvm-guest: setup async PF for cpu 3
[    0.363088] kvm-guest: stealtime: cpu 3, msr 13bdb3080
[    0.367201] smp: Brought up 1 node, 4 CPUs
[    0.368092] smpboot: Max logical packages: 1
[    0.371095] smpboot: Total of 4 processors activated (20749.98 BogoMIPS)
[    0.373073] devtmpfs: initialized
[    0.373073] x86/mm: Memory block size: 128MB
[    0.375275] clocksource: jiffies: mask: 0xffffffff max_cycles: 0xffffffff, max_idle_ns: 7645041785100000 ns
[    0.377050] futex hash table entries: 1024 (order: 4, 65536 bytes, linear)
[    0.378444] pinctrl core: initialized pinctrl subsystem
[    0.379235] PM: RTC time: 23:59:31, date: 2023-12-02
[    0.380458] NET: Registered PF_NETLINK/PF_ROUTE protocol family
[    0.381769] DMA: preallocated 512 KiB GFP_KERNEL pool for atomic allocations
[    0.383453] DMA: preallocated 512 KiB GFP_KERNEL|GFP_DMA pool for atomic allocations
[    0.385340] DMA: preallocated 512 KiB GFP_KERNEL|GFP_DMA32 pool for atomic allocations
[    0.386941] audit: initializing netlink subsys (disabled)
[    0.387168] audit: type=2000 audit(1701561571.764:1): state=initialized audit_enabled=0 res=1
[    0.387223] thermal_sys: Registered thermal governor 'fair_share'
[    0.391093] thermal_sys: Registered thermal governor 'bang_bang'
[    0.392304] thermal_sys: Registered thermal governor 'step_wise'
[    0.393485] thermal_sys: Registered thermal governor 'user_space'
[    0.394664] thermal_sys: Registered thermal governor 'power_allocator'
[    0.395102] EISA bus registered
[    0.397090] cpuidle: using governor ladder
[    0.397944] cpuidle: using governor menu
[    0.398916] ACPI: bus type PCI registered
[    0.399092] acpiphp: ACPI Hot Plug PCI Controller Driver version: 0.5
[    0.400508] PCI: Using configuration type 1 for base access
[    0.401679] core: PMU erratum BJ122, BV98, HSD29 workaround disabled, HT off
[    0.404868] kprobes: kprobe jump-optimization is enabled. All kprobes are optimized if possible.
[    0.406634] HugeTLB registered 1.00 GiB page size, pre-allocated 0 pages
[    0.407096] HugeTLB registered 2.00 MiB page size, pre-allocated 0 pages
[    0.411328] ACPI: Added _OSI(Module Device)
[    0.411328] ACPI: Added _OSI(Processor Device)
[    0.414090] ACPI: Added _OSI(3.0 _SCP Extensions)
[    0.419101] ACPI: Added _OSI(Processor Aggregator Device)
[    0.422719] ACPI: Added _OSI(Linux-Dell-Video)
[    0.423100] ACPI: Added _OSI(Linux-Lenovo-NV-HDMI-Audio)
[    0.426622] ACPI: Added _OSI(Linux-HPI-Hybrid-Graphics)
[    0.434273] ACPI: 1 ACPI AML tables successfully acquired and loaded
[    0.443262] ACPI: Interpreter enabled
[    0.444088] ACPI: PM: (supports S0 S3 S4 S5)
[    0.444977] ACPI: Using IOAPIC for interrupt routing
[    0.446060] PCI: Using host bridge windows from ACPI; if necessary, use "pci=nocrs" and report a bug
[    0.447093] PCI: Using E820 reservations for host bridge windows
[    0.448386] ACPI: Enabled 2 GPEs in block 00 to 0F
[    0.452005] ACPI: PCI Root Bridge [PCI0] (domain 0000 [bus 00-ff])
[    0.453239] acpi PNP0A03:00: _OSC: OS supports [ASPM ClockPM Segments MSI EDR HPX-Type3]
[    0.454873] acpi PNP0A03:00: fail to add MMCONFIG information, can't access extended PCI configuration space under this bridge.
[    0.455361] acpiphp: Slot [3] registered
[    0.456221] acpiphp: Slot [4] registered
[    0.457074] acpiphp: Slot [5] registered
[    0.457923] acpiphp: Slot [6] registered
[    0.458794] acpiphp: Slot [7] registered
[    0.459112] acpiphp: Slot [8] registered
[    0.459957] acpiphp: Slot [9] registered
[    0.460814] acpiphp: Slot [10] registered
[    0.461670] acpiphp: Slot [11] registered
[    0.462548] acpiphp: Slot [12] registered
[    0.463112] acpiphp: Slot [13] registered
[    0.463999] acpiphp: Slot [14] registered
[    0.464889] acpiphp: Slot [15] registered
[    0.465746] acpiphp: Slot [16] registered
[    0.466620] acpiphp: Slot [17] registered
[    0.467111] acpiphp: Slot [18] registered
[    0.467997] acpiphp: Slot [19] registered
[    0.468871] acpiphp: Slot [20] registered
[    0.469751] acpiphp: Slot [21] registered
[    0.470609] acpiphp: Slot [22] registered
[    0.471111] acpiphp: Slot [23] registered
[    0.471997] acpiphp: Slot [24] registered
[    0.472879] acpiphp: Slot [25] registered
[    0.473771] acpiphp: Slot [26] registered
[    0.474620] acpiphp: Slot [27] registered
[    0.475112] acpiphp: Slot [28] registered
[    0.475975] acpiphp: Slot [29] registered
[    0.476871] acpiphp: Slot [30] registered
[    0.477743] acpiphp: Slot [31] registered
[    0.478593] PCI host bridge to bus 0000:00
[    0.479093] pci_bus 0000:00: root bus resource [bus 00-ff]
[    0.480207] pci_bus 0000:00: root bus resource [io  0x0000-0x0cf7 window]
[    0.481529] pci_bus 0000:00: root bus resource [io  0x0d00-0xffff window]
[    0.482844] pci_bus 0000:00: root bus resource [mem 0x000a0000-0x000bffff window]
[    0.483091] pci_bus 0000:00: root bus resource [mem 0xc0000000-0xfebfffff window]
[    0.484661] pci_bus 0000:00: root bus resource [mem 0x140000000-0x1bfffffff window]
[    0.486424] pci 0000:00:00.0: [8086:1237] type 00 class 0x060000
[    0.487795] pci 0000:00:01.0: [8086:7000] type 00 class 0x060100
[    0.489666] pci 0000:00:01.1: [8086:7010] type 00 class 0x010180
[    0.493414] pci 0000:00:01.1: reg 0x20: [io  0xc060-0xc06f]
[    0.496210] pci 0000:00:01.1: legacy IDE quirk: reg 0x10: [io  0x01f0-0x01f7]
[    0.497623] pci 0000:00:01.1: legacy IDE quirk: reg 0x14: [io  0x03f6]
[    0.498902] pci 0000:00:01.1: legacy IDE quirk: reg 0x18: [io  0x0170-0x0177]
[    0.499093] pci 0000:00:01.1: legacy IDE quirk: reg 0x1c: [io  0x0376]
[    0.500666] pci 0000:00:01.3: [8086:7113] type 00 class 0x068000
[    0.502336] pci 0000:00:01.3: quirk: [io  0x0600-0x063f] claimed by PIIX4 ACPI
[    0.503100] pci 0000:00:01.3: quirk: [io  0x0700-0x070f] claimed by PIIX4 SMB
[    0.504985] pci 0000:00:02.0: [1234:1111] type 00 class 0x030000
[    0.507609] pci 0000:00:02.0: reg 0x10: [mem 0xfd000000-0xfdffffff pref]
[    0.511556] pci 0000:00:02.0: reg 0x18: [mem 0xfebd2000-0xfebd2fff]
[    0.516517] pci 0000:00:02.0: reg 0x30: [mem 0xfebc0000-0xfebcffff pref]
[    0.517975] pci 0000:00:02.0: Video device with shadowed ROM at [mem 0x000c0000-0x000dffff]
[    0.519724] pci 0000:00:03.0: [1af4:1000] type 00 class 0x020000
[    0.522604] pci 0000:00:03.0: reg 0x10: [io  0xc040-0xc05f]
[    0.523871] pci 0000:00:03.0: reg 0x14: [mem 0xfebd3000-0xfebd3fff]
[    0.529577] pci 0000:00:03.0: reg 0x20: [mem 0xfe000000-0xfe003fff 64bit pref]
[    0.531975] pci 0000:00:03.0: reg 0x30: [mem 0xfeb80000-0xfebbffff pref]
[    0.534856] pci 0000:00:04.0: [1af4:1004] type 00 class 0x010000
[    0.536198] pci 0000:00:04.0: reg 0x10: [io  0xc000-0xc03f]
[    0.538398] pci 0000:00:04.0: reg 0x14: [mem 0xfebd4000-0xfebd4fff]
[    0.542051] pci 0000:00:04.0: reg 0x20: [mem 0xfe004000-0xfe007fff 64bit pref]
[    0.545702] pci 0000:00:05.0: [1d1d:1f1f] type 00 class 0x010802
[    0.547379] pci 0000:00:05.0: reg 0x10: [mem 0xfebd0000-0xfebd1fff 64bit]
[    0.551336] pci 0000:00:05.0: reg 0x20: [mem 0xfebd5000-0xfebd5fff]
[    0.561010] ACPI: PCI: Interrupt link LNKA configured for IRQ 10
[    0.562470] ACPI: PCI: Interrupt link LNKB configured for IRQ 10
[    0.563226] ACPI: PCI: Interrupt link LNKC configured for IRQ 11
[    0.564569] ACPI: PCI: Interrupt link LNKD configured for IRQ 11
[    0.565848] ACPI: PCI: Interrupt link LNKS configured for IRQ 9
[    0.567541] iommu: Default domain type: Translated 
[    0.568119] iommu: DMA domain TLB invalidation policy: lazy mode 
[    0.569557] SCSI subsystem initialized
[    0.571134] libata version 3.00 loaded.
[    0.571175] pci 0000:00:02.0: vgaarb: setting as boot VGA device
[    0.572319] pci 0000:00:02.0: vgaarb: VGA device added: decodes=io+mem,owns=io+mem,locks=none
[    0.574004] pci 0000:00:02.0: vgaarb: bridge control possible
[    0.575093] vgaarb: loaded
[    0.575767] ACPI: bus type USB registered
[    0.576633] usbcore: registered new interface driver usbfs
[    0.577767] usbcore: registered new interface driver hub
[    0.578845] usbcore: registered new device driver usb
[    0.579134] pps_core: LinuxPPS API ver. 1 registered
[    0.580153] pps_core: Software ver. 5.3.6 - Copyright 2005-2007 Rodolfo Giometti <giometti@linux.it>
[    0.581933] PTP clock support registered
[    0.582789] EDAC MC: Ver: 3.0.0
[    0.583329] NetLabel: Initializing
[    0.584076] NetLabel:  domain hash size = 128
[    0.584967] NetLabel:  protocols = UNLABELED CIPSOv4 CALIPSO
[    0.586175] NetLabel:  unlabeled traffic allowed by default
[    0.587114] PCI: Using ACPI for IRQ routing
[    0.587995] PCI: pci_cache_line_size set to 64 bytes
[    0.588139] e820: reserve RAM buffer [mem 0x0009fc00-0x0009ffff]
[    0.588143] e820: reserve RAM buffer [mem 0xbffd5000-0xbfffffff]
[    0.588533] hpet0: at MMIO 0xfed00000, IRQs 2, 8, 0
[    0.589518] hpet0: 3 comparators, 64-bit 100.000000 MHz counter
[    0.595204] clocksource: Switched to clocksource kvm-clock
[    0.609209] VFS: Disk quotas dquot_6.6.0
[    0.610081] VFS: Dquot-cache hash table entries: 512 (order 0, 4096 bytes)
[    0.611596] AppArmor: AppArmor Filesystem Enabled
[    0.612615] pnp: PnP ACPI init
[    0.613444] pnp 00:02: [dma 2]
[    0.613753] pnp: PnP ACPI: found 6 devices
[    0.622376] clocksource: acpi_pm: mask: 0xffffff max_cycles: 0xffffff, max_idle_ns: 2085701024 ns
[    0.624202] NET: Registered PF_INET protocol family
[    0.635736] IP idents hash table entries: 65536 (order: 7, 524288 bytes, linear)
[    0.637983] tcp_listen_portaddr_hash hash table entries: 2048 (order: 3, 32768 bytes, linear)
[    0.639674] Table-perturb hash table entries: 65536 (order: 6, 262144 bytes, linear)
[    0.641788] TCP established hash table entries: 32768 (order: 6, 262144 bytes, linear)
[    0.643428] TCP bind hash table entries: 32768 (order: 7, 524288 bytes, linear)
[    0.644937] TCP: Hash tables configured (established 32768 bind 32768)
[    0.646279] MPTCP token hash table entries: 4096 (order: 4, 98304 bytes, linear)
[    0.647776] UDP hash table entries: 2048 (order: 4, 65536 bytes, linear)
[    0.649088] UDP-Lite hash table entries: 2048 (order: 4, 65536 bytes, linear)
[    0.650517] NET: Registered PF_UNIX/PF_LOCAL protocol family
[    0.651647] NET: Registered PF_XDP protocol family
[    0.652654] pci_bus 0000:00: resource 4 [io  0x0000-0x0cf7 window]
[    0.653874] pci_bus 0000:00: resource 5 [io  0x0d00-0xffff window]
[    0.655084] pci_bus 0000:00: resource 6 [mem 0x000a0000-0x000bffff window]
[    0.656417] pci_bus 0000:00: resource 7 [mem 0xc0000000-0xfebfffff window]
[    0.657775] pci_bus 0000:00: resource 8 [mem 0x140000000-0x1bfffffff window]
[    0.659183] pci 0000:00:01.0: PIIX3: Enabling Passive Release
[    0.660325] pci 0000:00:00.0: Limiting direct PCI/PCI transfers
[    0.661524] pci 0000:00:01.0: Activating ISA DMA hang workarounds
[    0.662780] PCI: CLS 0 bytes, default 64
[    0.663629] PCI-DMA: Using software bounce buffering for IO (SWIOTLB)
[    0.663852] Trying to unpack rootfs image as initramfs...
[    0.664919] software IO TLB: mapped [mem 0x00000000b5200000-0x00000000b9200000] (64MB)
[    0.670213] clocksource: tsc: mask: 0xffffffffffffffff max_cycles: 0x25632a14f90, max_idle_ns: 440795228339 ns
[    0.673081] Initialise system trusted keyrings
[    0.674031] Key type blacklist registered
[    0.675020] workingset: timestamp_bits=36 max_order=20 bucket_order=0
[    0.677983] zbud: loaded
[    0.679058] squashfs: version 4.0 (2009/01/31) Phillip Lougher
[    0.680504] fuse: init (API version 7.34)
[    0.681664] integrity: Platform Keyring initialized
[    0.692705] Key type asymmetric registered
[    0.693641] Asymmetric key parser 'x509' registered
[    0.694646] Block layer SCSI generic (bsg) driver version 0.4 loaded (major 243)
[    0.696280] io scheduler mq-deadline registered
[    0.697518] shpchp: Standard Hot Plug PCI Controller Driver version: 0.4
[    0.698952] input: Power Button as /devices/LNXSYSTM:00/LNXPWRBN:00/input/input0
[    0.700493] ACPI: button: Power Button [PWRF]
[    0.724759] ACPI: \_SB_.LNKC: Enabled at IRQ 11
[    0.749114] ACPI: \_SB_.LNKD: Enabled at IRQ 10
[    0.751769] Serial: 8250/16550 driver, 32 ports, IRQ sharing enabled
[    0.778503] 00:04: ttyS0 at I/O 0x3f8 (irq = 4, base_baud = 115200) is a 16550A
[    0.782079] Linux agpgart interface v0.103
[    0.785837] loop: module loaded
[    0.786787] ata_piix 0000:00:01.1: version 2.13
[    0.788299] scsi host0: ata_piix
[    0.789396] scsi host1: ata_piix
[    0.790150] ata1: PATA max MWDMA2 cmd 0x1f0 ctl 0x3f6 bmdma 0xc060 irq 14
[    0.791484] ata2: PATA max MWDMA2 cmd 0x170 ctl 0x376 bmdma 0xc068 irq 15
[    0.792942] tun: Universal TUN/TAP device driver, 1.6
[    0.794671] PPP generic driver version 2.4.2
[    0.795720] VFIO - User Level meta-driver version: 0.3
[    0.796959] ehci_hcd: USB 2.0 'Enhanced' Host Controller (EHCI) Driver
[    0.798236] ehci-pci: EHCI PCI platform driver
[    0.799149] ehci-platform: EHCI generic platform driver
[    0.800199] ohci_hcd: USB 1.1 'Open' Host Controller (OHCI) Driver
[    0.801400] ohci-pci: OHCI PCI platform driver
[    0.802332] ohci-platform: OHCI generic platform driver
[    0.803370] uhci_hcd: USB Universal Host Controller Interface driver
[    0.804662] i8042: PNP: PS/2 Controller [PNP0303:KBD,PNP0f13:MOU] at 0x60,0x64 irq 1,12
[    0.806964] serio: i8042 KBD port at 0x60,0x64 irq 1
[    0.807960] serio: i8042 AUX port at 0x60,0x64 irq 12
[    0.809192] mousedev: PS/2 mouse device common for all mice
[    0.810853] rtc_cmos 00:05: RTC can wake from S4
[    0.810879] input: AT Translated Set 2 keyboard as /devices/platform/i8042/serio0/input/input1
[    0.815912] rtc_cmos 00:05: registered as rtc0
[    0.819204] rtc_cmos 00:05: setting system clock to 2023-12-02T23:59:31 UTC (1701561571)
[    0.824454] rtc_cmos 00:05: alarms up to one day, y3k, 242 bytes nvram, hpet irqs
[    0.829477] i2c_dev: i2c /dev entries driver
[    0.832466] device-mapper: core: CONFIG_IMA_DISABLE_HTABLE is disabled. Duplicate IMA measurements will not be recorded in the IMA log.
[    0.840351] device-mapper: uevent: version 1.0.3
[    0.843634] device-mapper: ioctl: 4.45.0-ioctl (2021-03-22) initialised: dm-devel@redhat.com
[    0.849168] platform eisa.0: Probing EISA bus 0
[    0.852194] platform eisa.0: EISA: Cannot allocate resource for mainboard
[    0.856523] platform eisa.0: Cannot allocate resource for EISA slot 1
[    0.860614] platform eisa.0: Cannot allocate resource for EISA slot 2
[    0.864397] platform eisa.0: Cannot allocate resource for EISA slot 3
[    0.867920] platform eisa.0: Cannot allocate resource for EISA slot 4
[    0.871411] platform eisa.0: Cannot allocate resource for EISA slot 5
[    0.874639] platform eisa.0: Cannot allocate resource for EISA slot 6
[    0.877759] platform eisa.0: Cannot allocate resource for EISA slot 7
[    0.880685] platform eisa.0: Cannot allocate resource for EISA slot 8
[    0.883453] platform eisa.0: EISA: Detected 0 cards
[    0.885642] intel_pstate: CPU model not supported
[    0.888325] ledtrig-cpu: registered to indicate activity on CPUs
[    0.891104] drop_monitor: Initializing network drop monitor service
[    0.894225] NET: Registered PF_INET6 protocol family
[    1.419152] Freeing initrd memory: 107020K
[    1.435509] Segment Routing with IPv6
[    1.438112] In-situ OAM (IOAM) with IPv6
[    1.440897] NET: Registered PF_PACKET protocol family
[    1.444441] Key type dns_resolver registered
[    1.448222] IPI shorthand broadcast: enabled
[    1.451147] sched_clock: Marking stable (1293568732, 157502665)->(1492281504, -41210107)
[    1.456931] registered taskstats version 1
[    1.460147] Loading compiled-in X.509 certificates
[    1.465233] Loaded X.509 cert 'Build time autogenerated kernel key: 43535b41bee7baef4dcd04ce7b743a4c448dfa7c'
[    1.473131] Loaded X.509 cert 'Canonical Ltd. Live Patch Signing: 14df34d1a87cf37625abec039ef2bf521249b969'
[    1.480928] Loaded X.509 cert 'Canonical Ltd. Kernel Module Signing: 88f752e560a1e0737e31163a466ad7b70a850c19'
[    1.487064] blacklist: Loading compiled-in revocation X.509 certificates
[    1.491044] Loaded X.509 cert 'Canonical Ltd. Secure Boot Signing: 61482aa2830d0ab2ad5af10b7250da9033ddcef0'
[    1.496486] Loaded X.509 cert 'Canonical Ltd. Secure Boot Signing (2017): 242ade75ac4a15e50d50c84b0d45ff3eae707a03'
[    1.501548] Loaded X.509 cert 'Canonical Ltd. Secure Boot Signing (ESM 2018): 365188c1d374d6b07c3c8f240f8ef722433d6a8b'
[    1.506442] Loaded X.509 cert 'Canonical Ltd. Secure Boot Signing (2019): c0746fd6c5da3ae827864651ad66ae47fe24b3e8'
[    1.510942] Loaded X.509 cert 'Canonical Ltd. Secure Boot Signing (2021 v1): a8d54bbb3825cfb94fa13c9f8a594a195c107b8d'
[    1.515344] Loaded X.509 cert 'Canonical Ltd. Secure Boot Signing (2021 v2): 4cf046892d6fd3c9a5b03f98d845f90851dc6a8c'
[    1.519526] Loaded X.509 cert 'Canonical Ltd. Secure Boot Signing (2021 v3): 100437bb6de6e469b581e61cd66bce3ef4ed53af'
[    1.523335] Loaded X.509 cert 'Canonical Ltd. Secure Boot Signing (Ubuntu Core 2019): c1d57b8f6b743f23ee41f4f7ee292f06eecadfb9'
[    1.528297] zswap: loaded using pool lzo/zbud
[    1.530305] Key type .fscrypt registered
[    1.531679] Key type fscrypt-provisioning registered
[    1.537563] Key type encrypted registered
[    1.538933] AppArmor: AppArmor sha1 policy hashing enabled
[    1.540731] ima: No TPM chip found, activating TPM-bypass!
[    1.542565] Loading compiled-in module X.509 certificates
[    1.545051] Loaded X.509 cert 'Build time autogenerated kernel key: 43535b41bee7baef4dcd04ce7b743a4c448dfa7c'
[    1.548237] ima: Allocated hash algorithm: sha1
[    1.549770] ima: No architecture policies found
[    1.551371] evm: Initialising EVM extended attributes:
[    1.553096] evm: security.selinux
[    1.554265] evm: security.SMACK64
[    1.555392] evm: security.SMACK64EXEC
[    1.556637] evm: security.SMACK64TRANSMUTE
[    1.558000] evm: security.SMACK64MMAP
[    1.559252] evm: security.apparmor
[    1.560442] evm: security.ima
[    1.561497] evm: security.capability
[    1.562717] evm: HMAC attrs: 0x1
[    1.564219] PM:   Magic number: 3:72:1009
[    1.566162] RAS: Correctable Errors collector initialized.
[    1.570089] Freeing unused decrypted memory: 2036K
[    1.573362] Freeing unused kernel image (initmem) memory: 3356K
[    1.585635] Write protecting the kernel read-only data: 30720k
[    1.589430] Freeing unused kernel image (text/rodata gap) memory: 2036K
[    1.592429] Freeing unused kernel image (rodata/data gap) memory: 1416K
[    1.648873] x86/mm: Checked W+X mappings: passed, no W+X pages found.
[    1.650767] x86/mm: Checking user space page tables
[    1.703945] x86/mm: Checked W+X mappings: passed, no W+X pages found.
[    1.705863] Run /init as init process
[    1.707070]   with arguments:
[    1.707073]     /init
[    1.707074]     text
[    1.707075]   with environment:
[    1.707076]     HOME=/
[    1.707077]     TERM=linux
[    1.707077]     BOOT_IMAGE=/boot/vmlinuz-5.15.0-89-generic
[    1.707078]     ip=dhcp
[    1.873234] piix4_smbus 0000:00:01.3: SMBus Host Controller at 0x700, revision 0
[    1.873744] Floppy drive(s): fd0 is 2.88M AMI BIOS
[    1.877567] cryptd: max_cpu_qlen set to 1000
[    1.879672] input: VirtualPS/2 VMware VMMouse as /devices/platform/i8042/serio1/input/input4
[    1.888600] input: VirtualPS/2 VMware VMMouse as /devices/platform/i8042/serio1/input/input3
[    1.896359] FDC 0 is a S82078B
[    1.900569] scsi host2: Virtio SCSI HBA
[    1.904796] scsi 2:0:0:0: Direct-Access     QEMU     QEMU HARDDISK    2.5+ PQ: 0 ANSI: 5
[    1.905392] nvme nvme0: pci function 0000:00:05.0
[    1.930180] AVX2 version of gcm_enc/dec engaged.
[    1.931771] AES CTR mode by8 optimization enabled
[    1.943220] sd 2:0:0:0: Power-on or device reset occurred
[    1.944612] sd 2:0:0:0: Attached scsi generic sg0 type 0
[    1.946190] sd 2:0:0:0: [sda] 167772160 512-byte logical blocks: (85.9 GB/80.0 GiB)
[    1.946365] ACPI: \_SB_.LNKA: Enabled at IRQ 10
[    1.948146] sd 2:0:0:0: [sda] Write Protect is off
[    1.950337] sd 2:0:0:0: [sda] Mode Sense: 63 00 00 08
[    1.950483] sd 2:0:0:0: [sda] Write cache: enabled, read cache: enabled, doesn't support DPO or FUA
[    1.965778] nvme nvme0: 4/0/0 default/read/poll queues
[    1.982104] virtio_net virtio0 ens3: renamed from eth0
[    1.989836]  sda: sda1 sda2
[    1.991165] sd 2:0:0:0: [sda] Attached SCSI disk
[    2.102567] bochs-drm 0000:00:02.0: vgaarb: deactivate vga console
[    2.122038] Console: switching to colour dummy device 80x25
[    2.123585] [drm] Found bochs VGA, ID 0xb0c5.
[    2.124665] [drm] Framebuffer size 16384 kB @ 0xfd000000, mmio @ 0xfebd2000.
[    2.129216] [drm] Found EDID data blob.
[    2.130416] [drm] Initialized bochs-drm 1.0.0 20130925 for 0000:00:02.0 on minor 0
[    2.134177] fbcon: bochs-drmdrmfb (fb0) is primary device
[    2.139502] Console: switching to colour frame buffer device 160x50
[    2.147095] bochs-drm 0000:00:02.0: [drm] fb0: bochs-drmdrmfb frame buffer device
[    2.493561] raid6: avx2x4   gen() 16573 MB/s
[    2.561561] raid6: avx2x4   xor()  7347 MB/s
[    2.629559] raid6: avx2x2   gen() 20784 MB/s
[    2.697562] raid6: avx2x2   xor() 14728 MB/s
[    2.765561] raid6: avx2x1   gen() 19722 MB/s
[    2.833543] raid6: avx2x1   xor() 13049 MB/s
[    2.901560] raid6: sse2x4   gen() 13204 MB/s
[    2.969561] raid6: sse2x4   xor()  7280 MB/s
[    3.037562] raid6: sse2x2   gen() 12365 MB/s
[    3.105562] raid6: sse2x2   xor()  9649 MB/s
[    3.173564] raid6: sse2x1   gen() 12244 MB/s
[    3.241561] raid6: sse2x1   xor()  8710 MB/s
[    3.242200] raid6: using algorithm avx2x2 gen() 20784 MB/s
[    3.242996] raid6: .... xor() 14728 MB/s, rmw enabled
[    3.243733] raid6: using avx2x2 recovery algorithm
[    3.246764] xor: automatically using best checksumming function   avx       
[    3.251469] async_tx: api initialized (async)
[    3.386089] Btrfs loaded, crc32c=crc32c-intel, zoned=yes, fsverity=yes
[    3.417629] floppy0: disk absent or changed during operation
[    3.419670] blk_update_request: I/O error, dev fd0, sector 0 op 0x0:(READ) flags 0x80700 phys_seg 1 prio class 0
[    3.423454] floppy0: disk absent or changed during operation
[    3.425484] blk_update_request: I/O error, dev fd0, sector 0 op 0x0:(READ) flags 0x0 phys_seg 1 prio class 0
[    3.428954] Buffer I/O error on dev fd0, logical block 0, async page read
[    3.519014] EXT4-fs (sda2): mounted filesystem with ordered data mode. Opts: (null). Quota mode: none.
[    4.495491] systemd[1]: Inserted module 'autofs4'
[    4.598548] systemd[1]: systemd 249.11-0ubuntu3.11 running in system mode (+PAM +AUDIT +SELINUX +APPARMOR +IMA +SMACK +SECCOMP +GCRYPT +GNUTLS +OPENSSL +ACL +BLKID +CURL +ELFUTILS +FIDO2 +IDN2 -IDN +IPTC +KMOD +LIBCRYPTSETUP +LIBFDISK +PCRE2 -PWQUALITY -P11KIT -QRENCODE +BZIP2 +LZ4 +XZ +ZLIB +ZSTD -XKBCOMMON +UTMP +SYSVINIT default-hierarchy=unified)
[    4.614308] systemd[1]: Detected virtualization kvm.
[    4.617954] systemd[1]: Detected architecture x86-64.
[    4.650230] systemd[1]: Hostname set to <fvm>.
[    5.917748] systemd[1]: Queued start job for default target Graphical Interface.
[    5.939944] systemd[1]: Created slice Slice /system/modprobe.
[    5.947276] systemd[1]: Created slice Slice /system/serial-getty.
[    5.954149] systemd[1]: Created slice User and Session Slice.
[    5.960035] systemd[1]: Started Forward Password Requests to Wall Directory Watch.
[    5.968356] systemd[1]: Set up automount Arbitrary Executable File Formats File System Automount Point.
[    5.975851] systemd[1]: Reached target Slice Units.
[    5.981685] systemd[1]: Reached target Mounting snaps.
[    5.987291] systemd[1]: Reached target Local Verity Protected Volumes.
[    5.993920] systemd[1]: Listening on Device-mapper event daemon FIFOs.
[    6.000462] systemd[1]: Listening on LVM2 poll daemon socket.
[    6.007587] systemd[1]: Listening on multipathd control socket.
[    6.014168] systemd[1]: Listening on Syslog Socket.
[    6.019940] systemd[1]: Listening on initctl Compatibility Named Pipe.
[    6.035126] systemd[1]: Listening on Journal Audit Socket.
[    6.041351] systemd[1]: Listening on Journal Socket (/dev/log).
[    6.047398] systemd[1]: Listening on Journal Socket.
[    6.054113] systemd[1]: Listening on Network Service Netlink Socket.
[    6.060888] systemd[1]: Listening on udev Control Socket.
[    6.066982] systemd[1]: Listening on udev Kernel Socket.
[    6.095198] systemd[1]: Mounting Huge Pages File System...
[    6.102748] systemd[1]: Mounting POSIX Message Queue File System...
[    6.110966] systemd[1]: Mounting Kernel Debug File System...
[    6.118712] systemd[1]: Mounting Kernel Trace File System...
[    6.128427] systemd[1]: Starting Journal Service...
[    6.136391] systemd[1]: Starting Set the console keyboard layout...
[    6.143949] systemd[1]: Starting Create List of Static Device Nodes...
[    6.151317] systemd[1]: Starting Monitoring of LVM2 mirrors, snapshots etc. using dmeventd or progress polling...
[    6.159009] systemd[1]: Condition check resulted in LXD - agent being skipped.
[    6.165326] systemd[1]: Starting Load Kernel Module configfs...
[    6.172482] systemd[1]: Starting Load Kernel Module drm...
[    6.179378] systemd[1]: Starting Load Kernel Module efi_pstore...
[    6.185928] systemd[1]: Starting Load Kernel Module fuse...
[    6.190581] systemd[1]: Condition check resulted in OpenVSwitch configuration for cleanup being skipped.
[    6.230940] systemd[1]: Starting Load Kernel Modules...
[    6.237150] systemd[1]: Starting Remount Root and Kernel File Systems...
[    6.243512] systemd[1]: Starting Coldplug All udev Devices...
[    6.251076] systemd[1]: Started Journal Service.
[    6.259222] EXT4-fs (sda2): re-mounted. Opts: (null). Quota mode: none.
[    6.365700] systemd-journald[404]: Received client request to flush runtime journal.
[    6.370589] Adding 4029436k swap on /swap.img.  Priority:-2 extents:5 across:4307964k FS
[    6.420301] alua: device handler registered
[    6.422518] emc: device handler registered
[    6.430975] rdac: device handler registered
[    6.881686] loop0: detected capacity change from 0 to 113992
[    6.881802] loop1: detected capacity change from 0 to 112552
[    6.897603] loop2: detected capacity change from 0 to 129976
[    6.948616] loop3: detected capacity change from 0 to 145968
[    6.958209] loop4: detected capacity change from 0 to 188072
[    6.969047] loop5: detected capacity change from 0 to 83672
[    7.588091] RAPL PMU: API unit is 2^-32 Joules, 0 fixed counters, 10737418240 ms ovfl timer
[    7.788989] parport_pc 00:03: reported by Plug and Play ACPI
[    7.789187] parport0: PC-style at 0x378, irq 7 [PCSPP,TRISTATE]
[    7.810020] audit: type=1400 audit(1701561578.488:2): apparmor="STATUS" operation="profile_load" profile="unconfined" name="/usr/bin/man" pid=508 comm="apparmor_parser"
[    7.810026] audit: type=1400 audit(1701561578.488:3): apparmor="STATUS" operation="profile_load" profile="unconfined" name="man_filter" pid=508 comm="apparmor_parser"
[    7.810028] audit: type=1400 audit(1701561578.488:4): apparmor="STATUS" operation="profile_load" profile="unconfined" name="man_groff" pid=508 comm="apparmor_parser"
[    7.831167] audit: type=1400 audit(1701561578.508:5): apparmor="STATUS" operation="profile_load" profile="unconfined" name="nvidia_modprobe" pid=506 comm="apparmor_parser"
[    7.831177] audit: type=1400 audit(1701561578.508:6): apparmor="STATUS" operation="profile_load" profile="unconfined" name="nvidia_modprobe//kmod" pid=506 comm="apparmor_parser"
[    7.866327] audit: type=1400 audit(1701561578.544:7): apparmor="STATUS" operation="profile_load" profile="unconfined" name="lsb_release" pid=505 comm="apparmor_parser"
[    7.917849] audit: type=1400 audit(1701561578.596:8): apparmor="STATUS" operation="profile_load" profile="unconfined" name="tcpdump" pid=530 comm="apparmor_parser"
[    7.919184] audit: type=1400 audit(1701561578.596:9): apparmor="STATUS" operation="profile_load" profile="unconfined" name="/usr/lib/NetworkManager/nm-dhcp-client.action" pid=507 comm="apparmor_parser"
[    7.919194] audit: type=1400 audit(1701561578.596:10): apparmor="STATUS" operation="profile_load" profile="unconfined" name="/usr/lib/NetworkManager/nm-dhcp-helper" pid=507 comm="apparmor_parser"
[    7.919199] audit: type=1400 audit(1701561578.596:11): apparmor="STATUS" operation="profile_load" profile="unconfined" name="/usr/lib/connman/scripts/dhclient-script" pid=507 comm="apparmor_parser"
[    7.988914] ppdev: user-space parallel port driver
[   18.142737] loop6: detected capacity change from 0 to 8
[  117.565802] show_signal_msg: 18 callbacks suppressed
[  117.565811] memalloc[1339]: segfault at c0 ip 00007f079fa1e078 sp 00007ffdee9c7f90 error 4 in libc.so.6[7f079f9d1000+195000]
[  117.565836] Code: 89 54 24 20 89 4c 24 7c 64 48 8b 04 25 28 00 00 00 48 89 84 24 28 05 00 00 48 8b 05 a2 3d 1a 00 64 8b 00 89 84 24 90 00 00 00 <8b> 87 c0 00 00 00 85 c0 0f 85 7a 04 00 00 c7 87 c0 00 00 00 ff ff
[  130.928770] ko5204: loading out-of-tree module taints kernel.
[  130.929061] ko5204: module verification failed: signature and/or required key missing - tainting kernel
[  130.930003] ko5204 driver loaded; /proc/5204 interface exposed
[  135.907945] 5204log,7f18f020f010,12e2cd010,1093
[  143.430314] 5204log,7f77d29c9010,12d7fe010,431
[  144.805273] 5204log,7f144af3b010,12ec15010,623
[  146.067576] 5204log,7f5883272010,12ec2a010,807
[  152.105377] 5204log,7fffb7d89010,116eb1010,1092
[  152.793300] 5204log,7fffb7d89010,116eca010,965
[  153.393995] 5204log,7fffb7d89010,134ed8010,373
[  154.082748] 5204log,7fffb7d89010,134fa8010,894
[  154.772207] 5204log,7fffb7d89010,134fe6010,452
[  155.449007] 5204log,7fffb7d89010,1357c1010,1085
[  156.131637] 5204log,7fffb7d89010,1355f3010,388
[  156.819379] 5204log,7fffb7d89010,1355fb010,968
[  157.424787] 5204log,7fffb7d89010,115ec1010,608
[  158.110468] 5204log,7fffb7d89010,13565c010,413
[  158.710392] 5204log,7fffb7d89010,135b83010,414
[  159.308347] 5204log,7fffb7d89010,13565a010,323
[  159.909002] 5204log,7fffb7d89010,13572b010,688
[  160.507699] 5204log,7fffb7d89010,13568e010,381
[  161.098684] 5204log,7fffb7d89010,114b51010,767
[  161.694942] 5204log,7fffb7d89010,135314010,401
[  162.285121] 5204log,7fffb7d89010,12f563010,837
[  162.882082] 5204log,7fffb7d89010,1357ff010,361
[  163.478781] 5204log,7fffb7d89010,113f98010,532
[  164.071448] 5204log,7fffb7d89010,1356bb010,356
[  164.669325] 5204log,7fffb7d89010,135b6c010,849
[  165.354419] 5204log,7fffb7d89010,115ee6010,395
[  166.046376] 5204log,7fffb7d89010,1375ea010,534
[  166.647573] 5204log,7fffb7d89010,137ae8010,528
[  167.263625] 5204log,7fffb7d89010,137ae6010,3410
[  167.944618] 5204log,7fffb7d89010,137630010,1018
[  168.594883] 5204log,7fffb7d89010,1362f8010,557
[  169.227734] 5204log,7fffb7d89010,112ddb010,1254
[  169.849658] 5204log,7fffb7d89010,137edb010,821
[  170.440524] 5204log,7fffb7d89010,134ecc010,400
[  171.037958] 5204log,7fffb7d89010,114a9b010,577
[  171.630319] 5204log,7fffb7d89010,1146fb010,1100
[  172.306133] 5204log,7fffb7d89010,137671010,839
[  172.990139] 5204log,7fffb7d89010,112e11010,415
[  173.666076] 5204log,7fffb7d89010,1162b4010,765
[  174.345651] 5204log,7fffb7d89010,116566010,866
[  175.027252] 5204log,7fffb7d89010,12a2d5010,895
[  175.702756] 5204log,7fffb7d89010,12999a010,878
[  176.335267] 5204log,7fffb7d89010,12a9e6010,1085
[  177.019281] 5204log,7fffb7d89010,112b2d010,565
[  177.622417] 5204log,7fffb7d89010,1372b4010,466
[  178.224059] 5204log,7fffb7d89010,110a92010,945
[  178.825460] 5204log,7fffb7d89010,110765010,844
[  179.504076] 5204log,7fffb7d89010,1365c9010,870
[  180.207573] 5204log,7fffb7d89010,110a49010,573
[  180.894328] 5204log,7fffb7d89010,112b2b010,716
[  181.595556] 5204log,7fffb7d89010,12e4b6010,761
[  182.198214] 5204log,7fffb7d89010,110bf0010,562
[  182.883826] 5204log,7fffb7d89010,129a2f010,664
[  183.540705] 5204log,7fffb7d89010,1337fb010,596
[  184.230466] 5204log,7fffb7d89010,12e3ae010,785
[  184.874488] 5204log,7fffb7d89010,12f03e010,705
[  185.568785] 5204log,7fffb7d89010,130f77010,1047
[  186.170167] 5204log,7fffb7d89010,12b09f010,692
[  186.772347] 5204log,7fffb7d89010,13259d010,588
[  187.417765] 5204log,7fffb7d89010,12e380010,372
[  188.024330] 5204log,7fffb7d89010,10d640010,595
[  188.632162] 5204log,7fffb7d89010,11079c010,895
[  189.273240] 5204log,7fffb7d89010,12eb4a010,452
[  189.892543] 5204log,7fffb7d89010,13255a010,442
[  190.495882] 5204log,7fffb7d89010,10c313010,378
[  191.130821] 5204log,7fffb7d89010,12adbb010,1171
[  191.730786] 5204log,7fffb7d89010,13275c010,521
[  192.333195] 5204log,7fffb7d89010,1312a7010,569
[  192.975352] 5204log,7fffb7d89010,12e4be010,507
[  193.678053] 5204log,7fffb7d89010,10c7dd010,863
[  194.285917] 5204log,7fffb7d89010,12e752010,915
[  194.876176] 5204log,7fffb7d89010,135b36010,750
[  195.556223] 5204log,7fffb7d89010,1301f3010,931
[  196.238113] 5204log,7fffb7d89010,12e2ec010,748
[  196.829791] 5204log,7fffb7d89010,1391e7010,604
[  197.513155] 5204log,7fffb7d89010,13215f010,571
[  198.113832] 5204log,7fffb7d89010,12f57e010,367
[  198.715488] 5204log,7fffb7d89010,1302e7010,1195
[  199.318270] 5204log,7fffb7d89010,10c7db010,540
[  200.003396] 5204log,7fffb7d89010,12de76010,866
[  200.724400] 5204log,7fffb7d89010,13343c010,389
[  201.325507] 5204log,7fffb7d89010,13a640010,792
[  201.926301] 5204log,7fffb7d89010,1288bd010,561
[  202.529533] 5204log,7fffb7d89010,12ec71010,595
[  203.129972] 5204log,7fffb7d89010,10923b010,755
[  203.734723] 5204log,7fffb7d89010,13002c010,1111
[  204.339638] 5204log,7fffb7d89010,13a780010,647
[  204.989442] 5204log,7fffb7d89010,12e17a010,762
[  205.599497] 5204log,7fffb7d89010,10bf41010,774
[  206.252342] 5204log,7fffb7d89010,13ae6b010,6951
[  206.863413] 5204log,7fffb7d89010,132182010,651
[  207.578153] 5204log,7fffb7d89010,13aeb6010,719
[  208.257732] 5204log,7fffb7d89010,13ae78010,378
[  208.880642] 5204log,7fffb7d89010,1037df010,395
[  209.485919] 5204log,7fffb7d89010,108bee010,667
[  210.090100] 5204log,7fffb7d89010,1132a2010,873
[  210.692224] 5204log,7fffb7d89010,10834c010,330
[  211.298532] 5204log,7fffb7d89010,12e6a2010,492
[  211.909449] 5204log,7fffb7d89010,108344010,1199
[  212.594194] 5204log,7fffb7d89010,1132a4010,553
[  213.227410] 5204log,7fffb7d89010,12dd72010,330
[  213.949476] 5204log,7fffb7d89010,105bc4010,772
[  214.621272] 5204log,7fffb7d89010,10837d010,588
[  215.303701] 5204log,7fffb7d89010,105b44010,789
[  216.020130] 5204log,7fffb7d89010,12ed8e010,560
[  216.656985] 5204log,7fffb7d89010,105f44010,728
[  217.254548] 5204log,7fffb7d89010,1059ff010,680
[  217.851110] 5204log,7fffb7d89010,13aee6010,414
[  218.541297] 5204log,7fffb7d89010,12d7ab010,1388
[  219.220134] 5204log,7fffb7d89010,132a33010,383
[  219.821841] 5204log,7fffb7d89010,13965d010,581
[  220.462318] 5204log,7fffb7d89010,12d752010,794
[  221.156801] 5204log,7fffb7d89010,13b3d7010,723
[  221.839286] 5204log,7fffb7d89010,13b36b010,876
[  222.472619] 5204log,7fffb7d89010,108a06010,373
[  223.070237] 5204log,7fffb7d89010,1045f3010,646
[  223.758169] 5204log,7fffb7d89010,104637010,541
[  224.471212] 5204log,7fffb7d89010,109614010,969
[  225.070460] 5204log,7fffb7d89010,108a26010,4998
[  225.670814] 5204log,7fffb7d89010,10c3f4010,638
[  226.271065] 5204log,7fffb7d89010,1091fc010,660
[  227.000939] 5204log,7fffb7d89010,108e6e010,1146
[  227.604660] 5204log,7fffb7d89010,104640010,887
[  228.205695] 5204log,7fffb7d89010,108ea1010,953
[  228.829430] 5204log,7fffb7d89010,109a31010,701
[  229.432861] 5204log,7fffb7d89010,108a14010,667
[  230.034526] 5204log,7fffb7d89010,12a7b3010,531
[  230.635947] 5204log,7fffb7d89010,106651010,761
[  231.278173] 5204log,7fffb7d89010,12b38d010,900
[  231.984189] 5204log,7fffb7d89010,108f00010,599
[  232.581716] 5204log,7fffb7d89010,108ef5010,543
[  233.178166] 5204log,7fffb7d89010,108a4c010,368
[  233.818214] 5204log,7fffb7d89010,12ebd9010,369
[  234.502013] 5204log,7fffb7d89010,108fb9010,702
[  235.178870] 5204log,7fffb7d89010,108c97010,400
[  235.881992] 5204log,7fffb7d89010,108d69010,404
[  236.564633] 5204log,7fffb7d89010,12e631010,692
[  237.161586] 5204log,7fffb7d89010,1093cb010,586
[  237.864709] 5204log,7fffb7d89010,108d88010,599
[  238.546857] 5204log,7fffb7d89010,108c28010,402
[  239.273134] 5204log,7fffb7d89010,108dae010,620
[  239.875560] 5204log,7fffb7d89010,108fac010,686
[  240.515981] 5204log,7fffb7d89010,108ff2010,886
[  241.116951] 5204log,7fffb7d89010,108fb8010,976
[  241.792299] 5204log,7fffb7d89010,10a32f010,644
[  242.479202] 5204log,7fffb7d89010,12be8a010,466
[  243.130064] 5204log,7fffb7d89010,12b9dd010,672
[  243.819432] 5204log,7fffb7d89010,10c2fb010,403
[  244.541359] 5204log,7fffb7d89010,105691010,382
[  245.140923] 5204log,7fffb7d89010,108d94010,642
[  245.741195] 5204log,7fffb7d89010,107e25010,549
[  246.405990] 5204log,7fffb7d89010,108d33010,1745
[  247.096625] 5204log,7fffb7d89010,108d67010,571
[  247.772910] 5204log,7fffb7d89010,1062ce010,1068
[  248.372490] 5204log,7fffb7d89010,108d5c010,1057
[  248.992023] 5204log,7fffb7d89010,10c667010,557
[  249.591635] 5204log,7fffb7d89010,12df29010,986
[  250.232351] 5204log,7fffb7d89010,131502010,998
[  250.831048] 5204log,7fffb7d89010,138657010,383
[  251.554555] 5204log,7fffb7d89010,12f108010,625
[  252.233619] 5204log,7fffb7d89010,138661010,372
[  252.869761] 5204log,7fffb7d89010,12e631010,569
[  253.469916] 5204log,7fffb7d89010,10d5c0010,421
[  254.069957] 5204log,7fffb7d89010,10d72c010,528
[  254.757566] 5204log,7fffb7d89010,10d7f6010,603
[  255.439217] 5204log,7fffb7d89010,10d5d9010,646
[  256.083071] 5204log,7fffb7d89010,10d7db010,612
[  256.787152] 5204log,7fffb7d89010,10d551010,1493
[  257.501380] 5204log,7fffb7d89010,10a3ef010,327
[  258.183786] 5204log,7fffb7d89010,12aa2e010,908
[  258.859292] 5204log,7fffb7d89010,109260010,534
[  259.579810] 5204log,7fffb7d89010,10d772010,640
[  260.185193] 5204log,7fffb7d89010,1092bf010,367
[  260.788471] 5204log,7fffb7d89010,105f0b010,583
[  261.392258] 5204log,7fffb7d89010,138784010,1048
[  262.080477] 5204log,7fffb7d89010,109214010,700
[  262.681390] 5204log,7fffb7d89010,10d561010,334
[  263.399625] 5204log,7fffb7d89010,129ba3010,626
[  264.044971] 5204log,7fffb7d89010,112b3b010,1084
[  264.689329] 5204log,7fffb7d89010,13a63f010,1056
[  265.299942] 5204log,7fffb7d89010,135710010,4010
[  265.913115] 5204log,7fffb7d89010,1085f8010,1084
[  266.520100] 5204log,7fffb7d89010,13a204010,717
[  267.127220] 5204log,7fffb7d89010,138c12010,538
[  267.867292] 5204log,7fffb7d89010,138c1d010,551
[  268.591634] 5204log,7fffb7d89010,10d5aa010,835
[  269.276135] 5204log,7fffb7d89010,12ad30010,362
[  269.879976] 5204log,7fffb7d89010,13a01f010,820
[  270.481932] 5204log,7fffb7d89010,12e074010,3801
[  271.085778] 5204log,7fffb7d89010,1300d9010,797
[  271.727439] 5204log,7fffb7d89010,130f07010,663
[  272.413935] 5204log,7fffb7d89010,12b9d7010,405
[  273.097928] 5204log,7fffb7d89010,12ad14010,855
[  273.793099] 5204log,7fffb7d89010,12c657010,409
[  274.482656] 5204log,7fffb7d89010,10c1e1010,861
[  275.205159] 5204log,7fffb7d89010,10c1b8010,501
[  275.927572] 5204log,7fffb7d89010,12e223010,602
[  276.527278] 5204log,7fffb7d89010,12b453010,804
[  277.167660] 5204log,7fffb7d89010,12ed8e010,615
[  277.856162] 5204log,7fffb7d89010,130635010,1337
[  278.454874] 5204log,7fffb7d89010,138e7d010,336
[  279.175360] 5204log,7fffb7d89010,12aeec010,654
[  279.878713] 5204log,7fffb7d89010,12bd05010,1256
[  280.519147] 5204log,7fffb7d89010,134894010,1062
[  281.179551] 5204log,7fffb7d89010,105b7e010,1013
[  281.779213] 5204log,7fffb7d89010,1037f3010,938
[  282.464295] 5204log,7fffb7d89010,107d75010,953
[  283.064504] 5204log,7fffb7d89010,107ed6010,835
[  283.665402] 5204log,7fffb7d89010,107f87010,1234
[  284.363586] 5204log,7fffb7d89010,107d74010,430
[  284.966327] 5204log,7fffb7d89010,107ed9010,666
[  285.686337] 5204log,7fffb7d89010,12efd3010,757
[  286.384107] 5204log,7fffb7d89010,12ec9b010,2535
[  287.070224] 5204log,7fffb7d89010,10622b010,650
[  287.707682] 5204log,7fffb7d89010,107361010,371
[  288.396801] 5204log,7fffb7d89010,107fb4010,592
[  289.105022] 5204log,7fffb7d89010,107dcd010,791
[  289.788495] 5204log,7fffb7d89010,10736e010,796
[  290.388553] 5204log,7fffb7d89010,1067b2010,385
[  290.988612] 5204log,7fffb7d89010,1062f5010,542
[  291.588749] 5204log,7fffb7d89010,103e5e010,388
[  292.188541] 5204log,7fffb7d89010,138f53010,368
[  292.875095] 5204log,7fffb7d89010,10629b010,840
[  293.596577] 5204log,7fffb7d89010,13a3cb010,682
[  294.320885] 5204log,7fffb7d89010,1062e4010,682
[  295.009608] 5204log,7fffb7d89010,103e9b010,362
[  295.649917] 5204log,7fffb7d89010,1077c1010,551
[  296.293486] 5204log,7fffb7d89010,12ac91010,552
[  296.895001] 5204log,7fffb7d89010,107808010,573
[  297.617305] 5204log,7fffb7d89010,10631a010,594
[  298.296403] 5204log,7fffb7d89010,13058d010,1000
[  298.982971] 5204log,7fffb7d89010,10610f010,818
[  299.709892] 5204log,7fffb7d89010,138d2c010,326
[  300.435034] 5204log,7fffb7d89010,10611e010,899
[  301.146626] 5204log,7fffb7d89010,12c0b2010,694
[  301.872733] 5204log,7fffb7d89010,12f0a3010,341
[  302.473788] 5204log,7fffb7d89010,12c30b010,827
[  303.170312] 5204log,7fffb7d89010,1091a8010,755
[  303.807642] 5204log,7fffb7d89010,12f282010,718
[  304.408310] 5204log,7fffb7d89010,1066d0010,541
[  305.094047] 5204log,7fffb7d89010,13217a010,3375
[  305.784258] 5204log,7fffb7d89010,12b38d010,447
[  306.386389] 5204log,7fffb7d89010,1309e0010,523
[  307.124346] 5204log,7fffb7d89010,12e40f010,811
[  307.813708] 5204log,7fffb7d89010,10659d010,765
[  308.501378] 5204log,7fffb7d89010,10c54c010,779
[  309.122728] 5204log,7fffb7d89010,108520010,366
[  309.826381] 5204log,7fffb7d89010,103de8010,596
[  310.545948] 5204log,7fffb7d89010,1091ce010,874
[  311.189856] 5204log,7fffb7d89010,113fa3010,784
[  311.828037] 5204log,7fffb7d89010,103dfa010,393
[  312.510690] 5204log,7fffb7d89010,132f10010,649
[  313.234503] 5204log,7fffb7d89010,106582010,387
[  313.875906] 5204log,7fffb7d89010,133934010,797
[  314.562534] 5204log,7fffb7d89010,103da7010,575
[  315.281090] 5204log,7fffb7d89010,107a94010,662
[  315.965550] 5204log,7fffb7d89010,107fe0010,881
[  316.644380] 5204log,7fffb7d89010,139012010,377
[  317.244236] 5204log,7fffb7d89010,10449e010,387
[  317.844236] 5204log,7fffb7d89010,1070aa010,697
[  318.444653] 5204log,7fffb7d89010,103dd0010,385
[  319.056359] 5204log,7fffb7d89010,103d88010,448
[  319.784418] 5204log,7fffb7d89010,1070a9010,404
[  320.475133] 5204log,7fffb7d89010,1394ef010,1041
[  321.162443] 5204log,7fffb7d89010,103da5010,343
[  321.888910] 5204log,7fffb7d89010,108ecc010,572
[  322.579659] 5204log,7fffb7d89010,12b65d010,374
[  323.178958] 5204log,7fffb7d89010,12e1df010,755
[  323.781365] 5204log,7fffb7d89010,108fa3010,377
[  324.384690] 5204log,7fffb7d89010,108e7c010,5060
[  324.990938] 5204log,7fffb7d89010,1164b6010,401
[  325.680926] 5204log,7fffb7d89010,131797010,3649
[  326.284297] 5204log,7fffb7d89010,130fa6010,736
[  326.923729] 5204log,7fffb7d89010,12e3b5010,690
[  327.608836] 5204log,7fffb7d89010,12ffab010,1270
[  328.317088] 5204log,7fffb7d89010,109a2d010,584
[  329.033951] 5204log,7fffb7d89010,13709d010,389
[  329.722387] 5204log,7fffb7d89010,107728010,567
[  330.447163] 5204log,7fffb7d89010,137130010,404
[  331.048650] 5204log,7fffb7d89010,137135010,400
[  331.650021] 5204log,7fffb7d89010,138888010,559
[  332.248983] 5204log,7fffb7d89010,1394d5010,792
[  332.856697] 5204log,7fffb7d89010,1301c8010,476
[  333.587361] 5204log,7fffb7d89010,10c523010,980
[  334.195764] 5204log,7fffb7d89010,12be8c010,573
[  334.885133] 5204log,7fffb7d89010,1370b5010,398
[  335.484968] 5204log,7fffb7d89010,103dda010,541
[  336.083880] 5204log,7fffb7d89010,12dc43010,1065
[  336.769377] 5204log,7fffb7d89010,12e3e2010,408
[  337.370607] 5204log,7fffb7d89010,134ec6010,396
[  338.010709] 5204log,7fffb7d89010,12b25c010,1238
[  338.699402] 5204log,7fffb7d89010,13993c010,571
[  339.308411] 5204log,7fffb7d89010,139957010,384
[  339.994158] 5204log,7fffb7d89010,13107b010,861
[  340.716802] 5204log,7fffb7d89010,12ca94010,1083
[  341.362418] 5204log,7fffb7d89010,12b1f7010,626
[  342.078615] 5204log,7fffb7d89010,130efc010,396
[  342.805469] 5204log,7fffb7d89010,1060fd010,615
[  343.411510] 5204log,7fffb7d89010,12ec5b010,329
[  344.022897] 5204log,7fffb7d89010,12d182010,540
[  344.637283] 5204log,7fffb7d89010,1398cf010,398
[  345.346359] 5204log,7fffb7d89010,12d7dc010,575
[  345.983110] 5204log,7fffb7d89010,13254e010,341
[  346.675362] 5204log,7fffb7d89010,1312ee010,549
[  347.368823] 5204log,7fffb7d89010,108945010,1414
[  347.968257] 5204log,7fffb7d89010,12ee91010,517
[  348.685824] 5204log,7fffb7d89010,1088ee010,419
[  349.404746] 5204log,7fffb7d89010,12c768010,852
[  350.089625] 5204log,7fffb7d89010,10752a010,776
[  350.691762] 5204log,7fffb7d89010,113dd4010,401
[  351.292031] 5204log,7fffb7d89010,130a60010,666
[  351.890167] 5204log,7fffb7d89010,13a835010,842
[  352.614348] 5204log,7fffb7d89010,129b45010,584
[  353.326290] 5204log,7fffb7d89010,10773d010,843
[  353.967735] 5204log,7fffb7d89010,110bfe010,479
[  354.655606] 5204log,7fffb7d89010,109184010,973
[  355.337333] 5204log,7fffb7d89010,113dea010,383
[  356.061404] 5204log,7fffb7d89010,128723010,419
[  356.697928] 5204log,7fffb7d89010,13add2010,331
[  357.401605] 5204log,7fffb7d89010,130fce010,402
[  358.047144] 5204log,7fffb7d89010,131120010,383
[  358.646548] 5204log,7fffb7d89010,11086c010,592
[  359.249300] 5204log,7fffb7d89010,12e073010,556
[  359.851007] 5204log,7fffb7d89010,11098c010,769
[  360.537830] 5204log,7fffb7d89010,136a7a010,858
[  361.263997] 5204log,7fffb7d89010,131058010,880
[  361.867766] 5204log,7fffb7d89010,10ccb9010,494
[  362.558251] 5204log,7fffb7d89010,131be5010,646
[  363.201696] 5204log,7fffb7d89010,10b9f7010,6296
[  363.919059] 5204log,7fffb7d89010,1335f2010,1061
[  364.525348] 5204log,7fffb7d89010,134dc8010,774
[  365.249019] 5204log,7fffb7d89010,10bdf6010,504
[  365.950923] 5204log,7fffb7d89010,1393fb010,831
[  366.632382] 5204log,7fffb7d89010,12cf79010,672
[  367.357734] 5204log,7fffb7d89010,1394ed010,1059
[  368.017682] 5204log,7fffb7d89010,12e777010,672
[  368.659194] 5204log,7fffb7d89010,12a92c010,404
[  369.351224] 5204log,7fffb7d89010,1313ed010,768
[  369.951903] 5204log,7fffb7d89010,11525e010,370
[  370.636964] 5204log,7fffb7d89010,12e302010,448
[  371.358938] 5204log,7fffb7d89010,131028010,1078
[  371.957645] 5204log,7fffb7d89010,103dc3010,751
[  372.609420] 5204log,7fffb7d89010,10b8b9010,481
[  373.246891] 5204log,7fffb7d89010,136dd7010,639
[  373.846392] 5204log,7fffb7d89010,130a09010,900
[  374.549165] 5204log,7fffb7d89010,12aeec010,805
[  375.153095] 5204log,7fffb7d89010,13258f010,769
[  375.835730] 5204log,7fffb7d89010,131476010,604
[  376.521598] 5204log,7fffb7d89010,135894010,534
[  377.184537] 5204log,7fffb7d89010,135943010,675
[  377.888700] 5204log,7fffb7d89010,12adbb010,855
[  378.578633] 5204log,7fffb7d89010,135952010,837
[  379.268126] 5204log,7fffb7d89010,12affd010,605
[  379.873291] 5204log,7fffb7d89010,114dff010,529
[  380.478294] 5204log,7fffb7d89010,114d8a010,643
[  381.141357] 5204log,7fffb7d89010,108bf1010,352
[  381.833458] 5204log,7fffb7d89010,1169cc010,489
[  382.542803] 5204log,7fffb7d89010,129797010,2008
[  383.227462] 5204log,7fffb7d89010,113877010,916
[  383.920085] 5204log,7fffb7d89010,1165a6010,1004
[  384.640999] 5204log,7fffb7d89010,1099ea010,354
[  385.347510] 5204log,7fffb7d89010,10c507010,553
[  385.949279] 5204log,7fffb7d89010,1138b8010,766
[  386.596340] 5204log,7fffb7d89010,13a2c2010,445
[  387.197415] 5204log,7fffb7d89010,12ad04010,559
[  387.837825] 5204log,7fffb7d89010,12ea25010,640
[  388.485243] 5204log,7fffb7d89010,107aa3010,542
[  389.210060] 5204log,7fffb7d89010,115be9010,816
[  389.854060] 5204log,7fffb7d89010,115beb010,381
[  390.500342] 5204log,7fffb7d89010,137504010,680
[  391.100904] 5204log,7fffb7d89010,115dc7010,388
[  391.748109] 5204log,7fffb7d89010,136df8010,336
[  392.472056] 5204log,7fffb7d89010,115f04010,808
[  393.153127] 5204log,7fffb7d89010,1066ee010,1122
[  393.787114] 5204log,7fffb7d89010,128dd7010,608
[  394.386861] 5204log,7fffb7d89010,1109fa010,411
[  394.988848] 5204log,7fffb7d89010,113d99010,670
[  395.715268] 5204log,7fffb7d89010,110518010,865
[  396.318065] 5204log,7fffb7d89010,130173010,406
[  396.920738] 5204log,7fffb7d89010,1365fb010,1436
[  397.523135] 5204log,7fffb7d89010,113c20010,916
[  398.124694] 5204log,7fffb7d89010,1104f1010,571
[  398.808526] 5204log,7fffb7d89010,135cd0010,664
[  399.521706] 5204log,7fffb7d89010,10bda9010,754
[  400.240615] 5204log,7fffb7d89010,1105a1010,647
[  400.841629] 5204log,7fffb7d89010,137d5b010,489
[  401.518288] 5204log,7fffb7d89010,10bdfd010,3142
[  402.204286] 5204log,7fffb7d89010,136b6e010,535
[  402.930711] 5204log,7fffb7d89010,116057010,577
[  403.620937] 5204log,7fffb7d89010,134ded010,354
[  404.348221] 5204log,7fffb7d89010,12edcb010,1018
[  405.032325] 5204log,7fffb7d89010,1091bb010,450
[  405.632966] 5204log,7fffb7d89010,13602b010,579
[  406.293218] 5204log,7fffb7d89010,12f20a010,577
[  406.982176] 5204log,7fffb7d89010,1361f2010,556
[  407.664886] 5204log,7fffb7d89010,10bdae010,383
[  408.263979] 5204log,7fffb7d89010,1153f2010,768
[  408.903740] 5204log,7fffb7d89010,10814c010,490
[  409.502874] 5204log,7fffb7d89010,136025010,971
[  410.190776] 5204log,7fffb7d89010,136062010,403
[  410.870772] 5204log,7fffb7d89010,13ade0010,679
[  411.557650] 5204log,7fffb7d89010,1361fb010,361
[  412.191630] 5204log,7fffb7d89010,110b0f010,442
[  412.867161] 5204log,7fffb7d89010,115df0010,342
[  413.466742] 5204log,7fffb7d89010,137c27010,377
[  414.064528] 5204log,7fffb7d89010,1036d8010,776
[  414.665106] 5204log,7fffb7d89010,11100b010,734
[  415.323208] 5204log,7fffb7d89010,1036be010,394
[  415.922971] 5204log,7fffb7d89010,110fd2010,377
[  416.522313] 5204log,7fffb7d89010,115dd9010,502
[  417.123466] 5204log,7fffb7d89010,12e302010,659
[  417.780867] 5204log,7fffb7d89010,103741010,664
[  418.381874] 5204log,7fffb7d89010,12e5ce010,1008
[  419.022746] 5204log,7fffb7d89010,1085eb010,604
[  419.714334] 5204log,7fffb7d89010,12e57b010,393
[  420.318872] 5204log,7fffb7d89010,137c81010,825
[  420.928533] 5204log,7fffb7d89010,116dfa010,686
[  421.616746] 5204log,7fffb7d89010,110fcb010,2468
[  422.329904] 5204log,7fffb7d89010,137c04010,1582
[  422.935852] 5204log,7fffb7d89010,10af20010,409
[  423.536844] 5204log,7fffb7d89010,1121ec010,1077
[  424.243316] 5204log,7fffb7d89010,12e3a0010,553
[  424.844860] 5204log,7fffb7d89010,10e97b010,668
[  425.533792] 5204log,7fffb7d89010,103885010,569
[  426.140735] 5204log,7fffb7d89010,10aff1010,1047
[  426.743471] 5204log,7fffb7d89010,10c9ae010,920
[  427.344749] 5204log,7fffb7d89010,1038d9010,767
[  428.049379] 5204log,7fffb7d89010,10c96e010,3709
[  428.749291] 5204log,7fffb7d89010,10cd84010,1070
[  429.466345] 5204log,7fffb7d89010,1335f2010,719
[  430.069368] 5204log,7fffb7d89010,101bd3010,564
[  430.773176] 5204log,7fffb7d89010,13a2b7010,840
[  431.409597] 5204log,7fffb7d89010,1060fd010,801
[  432.041052] 5204log,7fffb7d89010,12e06f010,452
[  432.769188] 5204log,7fffb7d89010,1076e2010,826
[  433.499072] 5204log,7fffb7d89010,10770a010,556
[  434.186567] 5204log,7fffb7d89010,10c932010,1474
[  434.869025] 5204log,7fffb7d89010,1298e2010,463
[  435.468312] 5204log,7fffb7d89010,111b4e010,671
[  436.067393] 5204log,7fffb7d89010,11319a010,392
[  436.666522] 5204log,7fffb7d89010,111aa8010,421
[  437.356416] 5204log,7fffb7d89010,12e60b010,662
[  437.962160] 5204log,7fffb7d89010,132964010,401
[  438.653657] 5204log,7fffb7d89010,12e74d010,462
[  439.338822] 5204log,7fffb7d89010,135db3010,626
[  439.945540] 5204log,7fffb7d89010,11606f010,881
[  440.586973] 5204log,7fffb7d89010,130945010,525
[  441.282081] 5204log,7fffb7d89010,12d0bf010,757
[  441.971822] 5204log,7fffb7d89010,12f03e010,1002
[  442.659045] 5204log,7fffb7d89010,1323a4010,786
[  443.358010] 5204log,7fffb7d89010,10ff5d010,589
[  444.043345] 5204log,7fffb7d89010,10ffa3010,813
[  444.730249] 5204log,7fffb7d89010,11117e010,822
[  445.413753] 5204log,7fffb7d89010,137de3010,742
[  446.124228] 5204log,7fffb7d89010,130d8c010,582
[  446.809212] 5204log,7fffb7d89010,111132010,458
[  447.508442] 5204log,7fffb7d89010,12e3d6010,710
[  448.196300] 5204log,7fffb7d89010,137d9e010,1005
[  448.880059] 5204log,7fffb7d89010,13648b010,668
[  449.605010] 5204log,7fffb7d89010,102748010,404
[  450.332096] 5204log,7fffb7d89010,1026c7010,755
[  450.937596] 5204log,7fffb7d89010,1152dd010,410
[  451.632733] 5204log,7fffb7d89010,133eed010,909
[  452.353363] 5204log,7fffb7d89010,12bd9c010,427
[  453.057267] 5204log,7fffb7d89010,1049f1010,1109
[  453.780250] 5204log,7fffb7d89010,130f98010,743
[  454.506233] 5204log,7fffb7d89010,137eb3010,1085
[  455.113903] 5204log,7fffb7d89010,12c5d0010,742
[  455.796371] 5204log,7fffb7d89010,1039dd010,582
[  456.474160] 5204log,7fffb7d89010,10ffcb010,909
[  457.159634] 5204log,7fffb7d89010,114983010,592
[  457.885339] 5204log,7fffb7d89010,103990010,566
[  458.522795] 5204log,7fffb7d89010,10cce2010,387
[  459.123772] 5204log,7fffb7d89010,130f98010,1066
[  459.732621] 5204log,7fffb7d89010,10ccbb010,909
[  460.367092] 5204log,7fffb7d89010,112de9010,3741
[  460.975830] 5204log,7fffb7d89010,10c98d010,617
[  461.673297] 5204log,7fffb7d89010,12b753010,646
[  462.373631] 5204log,7fffb7d89010,1364f0010,1477
[  463.080882] 5204log,7fffb7d89010,12f9b1010,539
[  463.804520] 5204log,7fffb7d89010,1364fa010,1034
[  464.528380] 5204log,7fffb7d89010,11e38b010,965
[  465.132430] 5204log,7fffb7d89010,12c663010,393
[  465.732073] 5204log,7fffb7d89010,10f654010,587
[  466.333400] 5204log,7fffb7d89010,12e524010,715
[  467.062664] 5204log,7fffb7d89010,116c4b010,596
[  467.752886] 5204log,7fffb7d89010,12b1f7010,677
[  468.418665] 5204log,7fffb7d89010,116d4c010,736
[  469.020919] 5204log,7fffb7d89010,134c9b010,562
[  469.678417] 5204log,7fffb7d89010,12e68b010,1045
[  470.279441] 5204log,7fffb7d89010,114938010,618
[  470.917995] 5204log,7fffb7d89010,12d557010,393
[  471.518303] 5204log,7fffb7d89010,13ace5010,318
[  472.203343] 5204log,7fffb7d89010,116ca8010,571
[  472.883794] 5204log,7fffb7d89010,1291e3010,385
[  473.484487] 5204log,7fffb7d89010,10e8fb010,797
[  474.139486] 5204log,7fffb7d89010,12e541010,593
[  474.856052] 5204log,7fffb7d89010,10e541010,582
[  475.458829] 5204log,7fffb7d89010,13740c010,543
[  476.061181] 5204log,7fffb7d89010,13a399010,572
[  476.701810] 5204log,7fffb7d89010,1153d3010,653
[  477.303014] 5204log,7fffb7d89010,111ad6010,1029
[  477.906730] 5204log,7fffb7d89010,10a4d8010,1017
[  478.595185] 5204log,7fffb7d89010,11458d010,566
[  479.273169] 5204log,7fffb7d89010,10a58d010,4162
[  480.000239] 5204log,7fffb7d89010,114573010,643
[  480.693873] 5204log,7fffb7d89010,1161fc010,619
[  481.390897] 5204log,7fffb7d89010,1038ca010,378
[  482.070078] 5204log,7fffb7d89010,110964010,665
[  482.763146] 5204log,7fffb7d89010,12e5c6010,599
[  483.465000] 5204log,7fffb7d89010,114933010,369
[  484.187493] 5204log,7fffb7d89010,12f6d4010,675
[  484.789952] 5204log,7fffb7d89010,1109e4010,727
[  485.475255] 5204log,7fffb7d89010,10d7ff010,382
[  486.076121] 5204log,7fffb7d89010,1153fa010,652
[  486.740657] 5204log,7fffb7d89010,113101010,804
[  487.440244] 5204log,7fffb7d89010,1039b0010,928
[  488.040289] 5204log,7fffb7d89010,1149ad010,596
[  488.727249] 5204log,7fffb7d89010,12eb70010,851
[  489.330979] 5204log,7fffb7d89010,1131ae010,418
[  490.054042] 5204log,7fffb7d89010,12b3bb010,540
[  490.744340] 5204log,7fffb7d89010,1131ed010,929
[  491.412281] 5204log,7fffb7d89010,135710010,563
[  492.078040] 5204log,7fffb7d89010,1039ad010,417
[  492.678001] 5204log,7fffb7d89010,12ba8b010,867
[  493.279755] 5204log,7fffb7d89010,103941010,604
[  493.985041] 5204log,7fffb7d89010,130b73010,661
[  494.679799] 5204log,7fffb7d89010,12ddd9010,775
[  495.281856] 5204log,7fffb7d89010,134ec6010,889
[  495.970696] 5204log,7fffb7d89010,1132a2010,604
[  496.574362] 5204log,7fffb7d89010,132943010,365
[  497.252951] 5204log,7fffb7d89010,10f7a2010,647
[  497.979426] 5204log,7fffb7d89010,1141f2010,930
[  498.665572] 5204log,7fffb7d89010,10f7f4010,680
[  499.357729] 5204log,7fffb7d89010,137448010,782
[  500.049084] 5204log,7fffb7d89010,13516c010,701
[  500.649403] 5204log,7fffb7d89010,114505010,575
[  501.335975] 5204log,7fffb7d89010,11458e010,577
[  502.074419] 5204log,7fffb7d89010,11450b010,710
[  502.764282] 5204log,7fffb7d89010,114512010,668
[  503.462782] 5204log,7fffb7d89010,12d552010,613
[  504.103071] 5204log,7fffb7d89010,12e3b5010,714
[  504.700886] 5204log,7fffb7d89010,10d75f010,364
[  505.338389] 5204log,7fffb7d89010,12be5c010,1131
[  505.928909] 5204log,7fffb7d89010,11609d010,541
[  506.579542] 5204log,7fffb7d89010,10f7d9010,652
[  507.174431] 5204log,7fffb7d89010,12e790010,534
[  507.768517] 5204log,7fffb7d89010,1058d7010,638
[  508.488145] 5204log,7fffb7d89010,1145e1010,566
[  509.128132] 5204log,7fffb7d89010,1147b0010,425
[  509.727626] 5204log,7fffb7d89010,114766010,594
[  510.365175] 5204log,7fffb7d89010,114727010,679
[  510.966004] 5204log,7fffb7d89010,12b3bb010,383
[  511.561937] 5204log,7fffb7d89010,1084e8010,840
[  512.161812] 5204log,7fffb7d89010,1145fb010,644
[  512.758445] 5204log,7fffb7d89010,1084f3010,459
[  513.360019] 5204log,7fffb7d89010,1145d8010,846
[  513.996134] 5204log,7fffb7d89010,1147b7010,916
[  514.632131] 5204log,7fffb7d89010,137e7f010,838
[  515.269238] 5204log,7fffb7d89010,114711010,709
[  515.948543] 5204log,7fffb7d89010,10a5d8010,1007
[  516.671920] 5204log,7fffb7d89010,10773b010,834
[  517.392980] 5204log,7fffb7d89010,10d54e010,1165
[  518.086135] 5204log,7fffb7d89010,1364f8010,1215
[  518.682913] 5204log,7fffb7d89010,1161eb010,1055
[  519.364072] 5204log,7fffb7d89010,107716010,734
[  520.009470] 5204log,7fffb7d89010,13a9a0010,791
[  520.602105] 5204log,7fffb7d89010,134d3f010,396
[  521.204161] 5204log,7fffb7d89010,1267ef010,394
[  521.804624] 5204log,7fffb7d89010,134c98010,1140
[  522.422675] 5204log,7fffb7d89010,129a3e010,889
[  523.016766] 5204log,7fffb7d89010,12ea25010,576
[  523.616905] 5204log,7fffb7d89010,12c18c010,946
[  524.210537] 5204log,7fffb7d89010,12e4c4010,904
[  524.811499] 5204log,7fffb7d89010,12b2df010,1243
[  525.411825] 5204log,7fffb7d89010,1294c9010,1644
[  526.051249] 5204log,7fffb7d89010,12afa1010,930
[  526.645053] 5204log,7fffb7d89010,10a504010,1387
[  527.243606] 5204log,7fffb7d89010,103810010,1052
[  527.836540] 5204log,7fffb7d89010,1305a0010,789
[  528.515037] 5204log,7fffb7d89010,131054010,421
[  529.197523] 5204log,7fffb7d89010,12d6e3010,728
[  529.882151] 5204log,7fffb7d89010,12dd86010,858
[  530.606501] 5204log,7fffb7d89010,130f73010,546
[  531.289348] 5204log,7fffb7d89010,12dc48010,406
[  531.893214] 5204log,7fffb7d89010,10f746010,563
[  532.484737] 5204log,7fffb7d89010,10d425010,528
[  533.087730] 5204log,7fffb7d89010,132a26010,415
[  533.682001] 5204log,7fffb7d89010,13a399010,1311
[  534.287871] 5204log,7fffb7d89010,12e2f5010,591
[  534.970952] 5204log,7fffb7d89010,1055c7010,808
[  535.660863] 5204log,7fffb7d89010,13472b010,419
[  536.262569] 5204log,7fffb7d89010,12b09a010,328
[  536.944915] 5204log,7fffb7d89010,13b387010,585
[  537.626982] 5204log,7fffb7d89010,1307d7010,1207
[  538.304550] 5204log,7fffb7d89010,10279b010,597
[  538.910957] 5204log,7fffb7d89010,139208010,785
[  539.513585] 5204log,7fffb7d89010,10f7b3010,3621
[  540.208264] 5204log,7fffb7d89010,10f78f010,794
[  540.801012] 5204log,7fffb7d89010,102747010,399
[  541.402111] 5204log,7fffb7d89010,10f7d2010,562
[  542.015957] 5204log,7fffb7d89010,10f7ac010,380
[  542.667398] 5204log,7fffb7d89010,10d6b0010,543
[  543.269490] 5204log,7fffb7d89010,12e6f6010,904
[  543.869225] 5204log,7fffb7d89010,13512d010,566
[  544.463281] 5204log,7fffb7d89010,10a455010,566
[  545.062792] 5204log,7fffb7d89010,13517b010,1138
[  545.740922] 5204log,7fffb7d89010,134d03010,947
[  546.422959] 5204log,7fffb7d89010,135160010,995
[  547.016440] 5204log,7fffb7d89010,10d764010,597
[  547.608033] 5204log,7fffb7d89010,11636f010,1014
[  548.206640] 5204log,7fffb7d89010,1350e8010,1031
[  548.888278] 5204log,7fffb7d89010,134d54010,906
[  549.562684] 5204log,7fffb7d89010,134c6e010,915
[  550.157634] 5204log,7fffb7d89010,134d9e010,941
[  550.755742] 5204log,7fffb7d89010,115354010,487
[  551.406986] 5204log,7fffb7d89010,10b8bb010,836
[  551.997481] 5204log,7fffb7d89010,1139c6010,582
[  552.598640] 5204log,7fffb7d89010,10e998010,1178
[  553.197210] 5204log,7fffb7d89010,10e947010,381
[  553.878052] 5204log,7fffb7d89010,10b8c7010,704
[  554.554548] 5204log,7fffb7d89010,12ee91010,1034
[  555.233578] 5204log,7fffb7d89010,11316e010,789
[  555.950609] 5204log,7fffb7d89010,12c7ee010,666
[  556.550263] 5204log,7fffb7d89010,105761010,617
[  557.252363] 5204log,7fffb7d89010,12f3ff010,970
[  557.932976] 5204log,7fffb7d89010,1374dc010,370
[  558.533830] 5204log,7fffb7d89010,12e2df010,537
[  559.224419] 5204log,7fffb7d89010,137536010,809
[  559.831745] 5204log,7fffb7d89010,12dde0010,4790
[  560.429234] 5204log,7fffb7d89010,10d74c010,878
[  561.067006] 5204log,7fffb7d89010,12f583010,966
[  561.668352] 5204log,7fffb7d89010,1131db010,615
[  562.372671] 5204log,7fffb7d89010,112f91010,925
[  562.975288] 5204log,7fffb7d89010,11614c010,855
[  563.666770] 5204log,7fffb7d89010,1350a3010,1089
[  564.309601] 5204log,7fffb7d89010,10a546010,744
[  564.908914] 5204log,7fffb7d89010,10a542010,563
[  565.595930] 5204log,7fffb7d89010,137774010,422
[  566.198624] 5204log,7fffb7d89010,13779a010,896
[  566.802276] 5204log,7fffb7d89010,1163e8010,666
[  567.405739] 5204log,7fffb7d89010,12d3f8010,732
[  568.040200] 5204log,7fffb7d89010,10a4c7010,472
[  568.729425] 5204log,7fffb7d89010,12f135010,580
[  569.330518] 5204log,7fffb7d89010,130770010,747
[  570.048322] 5204log,7fffb7d89010,1076e6010,541
[  570.648208] 5204log,7fffb7d89010,12a90e010,808
[  571.249579] 5204log,7fffb7d89010,12a74d010,721
[  571.850391] 5204log,7fffb7d89010,1091a7010,512
[  572.530916] 5204log,7fffb7d89010,1373c5010,761
[  573.225013] 5204log,7fffb7d89010,109b6f010,555
[  573.866593] 5204log,7fffb7d89010,10a5ca010,1260
[  574.585891] 5204log,7fffb7d89010,12e3f5010,945
[  575.190073] 5204log,7fffb7d89010,10ffef010,648
[  575.873658] 5204log,7fffb7d89010,12ddd9010,705
[  576.557484] 5204log,7fffb7d89010,13a1e2010,546
[  577.240877] 5204log,7fffb7d89010,103868010,871
[  577.843838] 5204log,7fffb7d89010,1375e1010,401
[  578.443999] 5204log,7fffb7d89010,103898010,9312
[  579.045081] 5204log,7fffb7d89010,10bacb010,554
[  579.646491] 5204log,7fffb7d89010,1038bd010,3893
[  580.250925] 5204log,7fffb7d89010,138e62010,675
[  580.903387] 5204log,7fffb7d89010,138ec6010,334
[  581.509301] 5204log,7fffb7d89010,1038d5010,639
[  582.132287] 5204log,7fffb7d89010,138e4c010,566
[  582.732298] 5204log,7fffb7d89010,138e07010,563
[  583.330623] 5204log,7fffb7d89010,10c8c6010,338
[  583.974197] 5204log,7fffb7d89010,1130ed010,593
[  584.678231] 5204log,7fffb7d89010,1321b0010,588
[  585.352961] 5204log,7fffb7d89010,137859010,732
[  585.953051] 5204log,7fffb7d89010,103d8f010,335
[  586.552225] 5204log,7fffb7d89010,1306f3010,583
[  587.152942] 5204log,7fffb7d89010,137c96010,781
[  587.752834] 5204log,7fffb7d89010,12e181010,933
[  588.355225] 5204log,7fffb7d89010,10c4dc010,1071
[  589.013369] 5204log,7fffb7d89010,116098010,492
[  589.615040] 5204log,7fffb7d89010,12f3da010,397
[  590.206289] 5204log,7fffb7d89010,13a349010,941
[  590.804934] 5204log,7fffb7d89010,12e28d010,938
[  591.404152] 5204log,7fffb7d89010,11da79010,390
[  592.006702] 5204log,7fffb7d89010,13a184010,579
[  592.599145] 5204log,7fffb7d89010,13a17c010,930
[  593.197653] 5204log,7fffb7d89010,12b38d010,567
[  593.879504] 5204log,7fffb7d89010,108fa2010,446
[  594.554055] 5204log,7fffb7d89010,13a479010,354
[  595.159191] 5204log,7fffb7d89010,108f9e010,766
[  595.758239] 5204log,7fffb7d89010,13a49e010,594
[  596.465537] 5204log,7fffb7d89010,108fe4010,984
[  597.143344] 5204log,7fffb7d89010,1130b1010,788
[  597.820165] 5204log,7fffb7d89010,131302010,681
[  598.423441] 5204log,7fffb7d89010,1351de010,390
[  599.033441] 5204log,7fffb7d89010,10f656010,342
[  599.637258] 5204log,7fffb7d89010,130ee8010,3013
[  600.284812] 5204log,7fffb7d89010,134d0c010,667
[  600.887289] 5204log,7fffb7d89010,1161da010,648
[  601.493559] 5204log,7fffb7d89010,134d93010,922
[  602.104475] 5204log,7fffb7d89010,13a4d9010,744
[  602.773844] 5204log,7fffb7d89010,11305e010,577
[  603.409263] 5204log,7fffb7d89010,105a0c010,608
[  604.064821] 5204log,7fffb7d89010,13aa17010,1074
[  604.666589] 5204log,7fffb7d89010,13a43b010,383
[  605.345851] 5204log,7fffb7d89010,136bd8010,759
[  606.073783] 5204log,7fffb7d89010,134d4d010,924
[  606.720990] 5204log,7fffb7d89010,134dc9010,566
[  607.404228] 5204log,7fffb7d89010,13a4a8010,327
[  608.081903] 5204log,7fffb7d89010,10ae10010,689
[  608.766830] 5204log,7fffb7d89010,12b4f1010,335
[  609.373800] 5204log,7fffb7d89010,104212010,634
[  610.063147] 5204log,7fffb7d89010,11397c010,386
[  610.655911] 5204log,7fffb7d89010,1038e0010,388
[  611.337027] 5204log,7fffb7d89010,12e710010,793
[  611.943218] 5204log,7fffb7d89010,132905010,616
[  612.548357] 5204log,7fffb7d89010,13863e010,876
[  613.152310] 5204log,7fffb7d89010,1318ca010,912
[  613.797395] 5204log,7fffb7d89010,13863f010,1047
[  614.445008] 5204log,7fffb7d89010,107110010,810
[  615.051186] 5204log,7fffb7d89010,104870010,863
[  615.656906] 5204log,7fffb7d89010,12f79d010,739
[  616.255014] 5204log,7fffb7d89010,103dc6010,710
[  616.940136] 5204log,7fffb7d89010,106ecf010,758
[  617.538483] 5204log,7fffb7d89010,12debf010,929
[  618.169732] 5204log,7fffb7d89010,12a3be010,736
[  618.809042] 5204log,7fffb7d89010,112fd4010,1105
[  619.533679] 5204log,7fffb7d89010,13863d010,613
[  620.262932] 5204log,7fffb7d89010,12b0a4010,1263
[  620.950919] 5204log,7fffb7d89010,1076eb010,524
[  621.644798] 5204log,7fffb7d89010,111af2010,376
[  622.302731] 5204log,7fffb7d89010,109731010,914
[  622.990658] 5204log,7fffb7d89010,134c83010,395
[  623.677874] 5204log,7fffb7d89010,109767010,412
[  624.365240] 5204log,7fffb7d89010,134c65010,389
[  625.001539] 5204log,7fffb7d89010,111af3010,719
[  625.688999] 5204log,7fffb7d89010,1309e0010,338
[  626.370828] 5204log,7fffb7d89010,109741010,481
[  626.976576] 5204log,7fffb7d89010,13af7c010,379
[  627.654685] 5204log,7fffb7d89010,13adff010,914
[  628.255412] 5204log,7fffb7d89010,1097a6010,1007
[  628.855875] 5204log,7fffb7d89010,113969010,577
[  629.457159] 5204log,7fffb7d89010,110b59010,569
[  630.056928] 5204log,7fffb7d89010,11302f010,1075
[  630.649691] 5204log,7fffb7d89010,101a9a010,945
[  631.298268] 5204log,7fffb7d89010,13adfe010,421
[  631.890506] 5204log,7fffb7d89010,12dac2010,609
[  632.489282] 5204log,7fffb7d89010,113061010,868
[  633.168480] 5204log,7fffb7d89010,113024010,727
[  633.810273] 5204log,7fffb7d89010,135f9d010,940
[  634.449407] 5204log,7fffb7d89010,13aded010,711
[  635.176397] 5204log,7fffb7d89010,115a61010,334
[  635.780433] 5204log,7fffb7d89010,112826010,409
[  636.386191] 5204log,7fffb7d89010,115a9b010,388
[  636.995505] 5204log,7fffb7d89010,113057010,333
[  637.603746] 5204log,7fffb7d89010,1397fe010,950
[  638.215645] 5204log,7fffb7d89010,138b11010,582
[  638.905791] 5204log,7fffb7d89010,11303b010,323
[  639.586114] 5204log,7fffb7d89010,13971d010,475
[  640.225945] 5204log,7fffb7d89010,138b12010,699
[  640.911883] 5204log,7fffb7d89010,139730010,646
[  641.656106] 5204log,7fffb7d89010,13972b010,408
[  642.260429] 5204log,7fffb7d89010,11305b010,746
[  642.946246] 5204log,7fffb7d89010,1395bb010,419
[  643.540120] 5204log,7fffb7d89010,136b2b010,684
[  644.140544] 5204log,7fffb7d89010,10d835010,688
[  644.732924] 5204log,7fffb7d89010,136b31010,1083
[  645.331556] 5204log,7fffb7d89010,1073a3010,709
[  646.014190] 5204log,7fffb7d89010,115a64010,480
[  646.693568] 5204log,7fffb7d89010,1395b4010,685
[  647.286557] 5204log,7fffb7d89010,105d4e010,624
[  647.967789] 5204log,7fffb7d89010,108c41010,1058
[  648.593308] 5204log,7fffb7d89010,104883010,470
[  649.296609] 5204log,7fffb7d89010,1164f0010,731
[  650.020330] 5204log,7fffb7d89010,129a76010,642
[  650.625717] 5204log,7fffb7d89010,137644010,913
[  651.232581] 5204log,7fffb7d89010,116455010,444
[  651.950318] 5204log,7fffb7d89010,105a00010,850
[  652.554060] 5204log,7fffb7d89010,134714010,385
[  653.188476] 5204log,7fffb7d89010,1164b0010,548
[  653.906890] 5204log,7fffb7d89010,12b7b2010,830
[  654.629272] 5204log,7fffb7d89010,110a25010,583
[  655.288255] 5204log,7fffb7d89010,1300d4010,405
[  656.009175] 5204log,7fffb7d89010,110bfe010,1147
[  656.676111] 5204log,7fffb7d89010,12eb42010,389
[  657.281233] 5204log,7fffb7d89010,13a8f7010,561
[  657.952553] 5204log,7fffb7d89010,12e413010,934
[  658.595053] 5204log,7fffb7d89010,13afcd010,3021
[  659.289570] 5204log,7fffb7d89010,10ae1d010,2890
[  659.981275] 5204log,7fffb7d89010,1034ba010,392
[  660.690926] 5204log,7fffb7d89010,114014010,671
[  661.397155] 5204log,7fffb7d89010,12b25a010,508
[  662.119194] 5204log,7fffb7d89010,114024010,405
[  662.848986] 5204log,7fffb7d89010,101ac5010,381
[  663.553692] 5204log,7fffb7d89010,1034a7010,836
[  664.240754] 5204log,7fffb7d89010,10347c010,1190
[  664.927989] 5204log,7fffb7d89010,130a66010,1155
[  665.611704] 5204log,7fffb7d89010,1080f4010,890
[  666.329476] 5204log,7fffb7d89010,131bb5010,768
[  666.960322] 5204log,7fffb7d89010,12e1fc010,400
[  667.651934] 5204log,7fffb7d89010,135ceb010,392
[  668.376785] 5204log,7fffb7d89010,114ca4010,808
[  669.044445] 5204log,7fffb7d89010,12dd50010,773
[  669.741033] 5204log,7fffb7d89010,12e058010,996
[  670.344527] 5204log,7fffb7d89010,12984b010,679
[  670.943809] 5204log,7fffb7d89010,1291e1010,835
[  671.666296] 5204log,7fffb7d89010,138edf010,495
[  672.307737] 5204log,7fffb7d89010,131b8a010,599
[  672.996752] 5204log,7fffb7d89010,12d181010,1303
[  673.721959] 5204log,7fffb7d89010,1086d0010,332
[  674.373894] 5204log,7fffb7d89010,10aefe010,1390
[  675.017953] 5204log,7fffb7d89010,112fde010,804
[  675.661397] 5204log,7fffb7d89010,13a898010,733
[  676.298944] 5204log,7fffb7d89010,13a864010,401
[  677.023973] 5204log,7fffb7d89010,130b9c010,499
[  677.621632] 5204log,7fffb7d89010,13a8bb010,392
[  678.264436] 5204log,7fffb7d89010,110b9e010,854
[  678.900926] 5204log,7fffb7d89010,1045c9010,6162
[  679.506706] 5204log,7fffb7d89010,133348010,901
[  680.108653] 5204log,7fffb7d89010,1393fe010,529
[  680.750146] 5204log,7fffb7d89010,12bee8010,499
[  681.369992] 5204log,7fffb7d89010,108077010,1075
[  682.002050] 5204log,7fffb7d89010,12f434010,579
[  682.655249] 5204log,7fffb7d89010,10c50f010,529
[  683.344327] 5204log,7fffb7d89010,12f755010,914
[  684.065356] 5204log,7fffb7d89010,1045a1010,2019
[  684.663638] 5204log,7fffb7d89010,12ec2f010,501
[  685.306929] 5204log,7fffb7d89010,135b2a010,366
[  685.905268] 5204log,7fffb7d89010,1045b9010,633
[  686.600837] 5204log,7fffb7d89010,10db65010,535
[  687.204138] 5204log,7fffb7d89010,130ff9010,378
[  687.930594] 5204log,7fffb7d89010,1321ef010,986
[  688.574843] 5204log,7fffb7d89010,133334010,1004
[  689.182673] 5204log,7fffb7d89010,12e627010,622
[  689.842574] 5204log,7fffb7d89010,1394d2010,1038
[  690.449995] 5204log,7fffb7d89010,13557a010,544
[  691.103246] 5204log,7fffb7d89010,12ac5e010,622
[  691.822787] 5204log,7fffb7d89010,131007010,781
[  692.511986] 5204log,7fffb7d89010,137c96010,3291
[  693.115554] 5204log,7fffb7d89010,1351be010,915
[  693.767311] 5204log,7fffb7d89010,131e29010,495
[  694.418704] 5204log,7fffb7d89010,133c74010,522
[  695.019288] 5204log,7fffb7d89010,107124010,754
[  695.654385] 5204log,7fffb7d89010,1168c5010,824
[  696.256350] 5204log,7fffb7d89010,139cdf010,488
[  696.859611] 5204log,7fffb7d89010,10a1ee010,1051
[  697.494879] 5204log,7fffb7d89010,12b25c010,785
[  698.099805] 5204log,7fffb7d89010,10f675010,5915
[  698.738106] 5204log,7fffb7d89010,137644010,2524
[  699.344314] 5204log,7fffb7d89010,137ebb010,11708
[  699.945783] 5204log,7fffb7d89010,13895f010,921
[  700.548798] 5204log,7fffb7d89010,105459010,398
[  701.150990] 5204log,7fffb7d89010,116d50010,549
[  701.772740] 5204log,7fffb7d89010,138427010,907
[  702.373166] 5204log,7fffb7d89010,116d71010,473
[  702.973318] 5204log,7fffb7d89010,13758a010,618
[  703.575313] 5204log,7fffb7d89010,136cb0010,878
[  704.213105] 5204log,7fffb7d89010,13022d010,1116
[  704.813662] 5204log,7fffb7d89010,10cc62010,335
[  705.416979] 5204log,7fffb7d89010,13515c010,512
[  706.019120] 5204log,7fffb7d89010,116d64010,475
[  706.717877] 5204log,7fffb7d89010,136b8e010,893
[  707.399228] 5204log,7fffb7d89010,12e084010,810
[  708.123742] 5204log,7fffb7d89010,116685010,586
[  708.842732] 5204log,7fffb7d89010,1166c2010,755
[  709.532749] 5204log,7fffb7d89010,12ea20010,738
[  710.132946] 5204log,7fffb7d89010,111a74010,632
[  710.820017] 5204log,7fffb7d89010,12e341010,748
[  711.459256] 5204log,7fffb7d89010,130a09010,552
[  712.165499] 5204log,7fffb7d89010,12cc44010,671
[  712.772441] 5204log,7fffb7d89010,1166a5010,746
[  713.373150] 5204log,7fffb7d89010,12ec36010,384
[  713.975516] 5204log,7fffb7d89010,109099010,677
[  714.699246] 5204log,7fffb7d89010,109097010,645
[  715.419249] 5204log,7fffb7d89010,12b8bd010,542
[  716.022096] 5204log,7fffb7d89010,1362b4010,962
[  716.654441] 5204log,7fffb7d89010,107ce2010,581
[  717.344556] 5204log,7fffb7d89010,13b196010,930
[  717.946989] 5204log,7fffb7d89010,10453d010,910
[  718.552574] 5204log,7fffb7d89010,138b3b010,839
[  719.155863] 5204log,7fffb7d89010,1307e3010,491
[  719.759838] 5204log,7fffb7d89010,138b2f010,608
[  720.382104] 5204log,7fffb7d89010,10947c010,587
[  720.983136] 5204log,7fffb7d89010,138a59010,930
[  721.680105] 5204log,7fffb7d89010,1307e4010,603
[  722.277262] 5204log,7fffb7d89010,137f89010,1063
[  722.909904] 5204log,7fffb7d89010,12be8c010,962
[  723.541336] 5204log,7fffb7d89010,104094010,908
[  724.172504] 5204log,7fffb7d89010,1304b6010,328
[  724.769778] 5204log,7fffb7d89010,12c300010,381
[  725.400294] 5204log,7fffb7d89010,12aeff010,470
[  726.094779] 5204log,7fffb7d89010,1146fd010,2867
[  726.781289] 5204log,7fffb7d89010,11367f010,1022
[  727.381457] 5204log,7fffb7d89010,10889a010,320
[  727.981472] 5204log,7fffb7d89010,106c19010,860
[  728.580710] 5204log,7fffb7d89010,108852010,477
[  729.268064] 5204log,7fffb7d89010,1132a4010,914
[  729.949115] 5204log,7fffb7d89010,10884f010,1220
[  730.625348] 5204log,7fffb7d89010,1139cd010,897
[  731.314588] 5204log,7fffb7d89010,12b38b010,775
[  732.034748] 5204log,7fffb7d89010,12f601010,590
[  732.720098] 5204log,7fffb7d89010,1071c7010,880
[  733.322004] 5204log,7fffb7d89010,1356e8010,731
[  733.924228] 5204log,7fffb7d89010,107128010,684
[  734.526558] 5204log,7fffb7d89010,12b626010,729
[  735.191449] 5204log,7fffb7d89010,107191010,939
[  735.794900] 5204log,7fffb7d89010,12e341010,386
[  736.437689] 5204log,7fffb7d89010,107188010,909
[  737.040406] 5204log,7fffb7d89010,12f210010,320
[  737.646349] 5204log,7fffb7d89010,131997010,645
[  738.251734] 5204log,7fffb7d89010,107e7d010,1043
[  738.942050] 5204log,7fffb7d89010,130f6c010,925
[  739.624442] 5204log,7fffb7d89010,1300d9010,855
[  740.309866] 5204log,7fffb7d89010,138478010,997
[  741.022955] 5204log,7fffb7d89010,1384fd010,575
[  741.744914] 5204log,7fffb7d89010,1071de010,707
[  742.406038] 5204log,7fffb7d89010,1136ce010,771
[  743.129691] 5204log,7fffb7d89010,110618010,1176
[  743.857414] 5204log,7fffb7d89010,112c3d010,909
[  744.547440] 5204log,7fffb7d89010,136c14010,458
[  745.231718] 5204log,7fffb7d89010,10d47e010,377
[  745.916469] 5204log,7fffb7d89010,12e699010,565
[  746.631277] 5204log,7fffb7d89010,1040ae010,337
[  747.318513] 5204log,7fffb7d89010,131db9010,869
[  747.967335] 5204log,7fffb7d89010,12d471010,1160
[  748.565324] 5204log,7fffb7d89010,12eb61010,642
[  749.167663] 5204log,7fffb7d89010,1080bf010,478
[  749.767120] 5204log,7fffb7d89010,1397cc010,543
[  750.368415] 5204log,7fffb7d89010,12bfc6010,570
[  751.055807] 5204log,7fffb7d89010,12f210010,369
[  751.737312] 5204log,7fffb7d89010,13aa9c010,1423
[  752.338594] 5204log,7fffb7d89010,10941f010,686
[  753.062241] 5204log,7fffb7d89010,13aa4f010,624
[  753.743776] 5204log,7fffb7d89010,10941c010,491
[  754.344531] 5204log,7fffb7d89010,133c55010,370
[  755.030428] 5204log,7fffb7d89010,115349010,873
[  755.629981] 5204log,7fffb7d89010,133c52010,565
[  756.332892] 5204log,7fffb7d89010,103c8a010,839
[  756.935764] 5204log,7fffb7d89010,10ff81010,5969
[  757.541240] 5204log,7fffb7d89010,103c9d010,712
[  758.141157] 5204log,7fffb7d89010,10714d010,670
[  758.744026] 5204log,7fffb7d89010,1064aa010,567
[  759.355010] 5204log,7fffb7d89010,136b34010,731
[  759.968714] 5204log,7fffb7d89010,10646f010,916
[  760.570051] 5204log,7fffb7d89010,109b79010,732
[  761.171476] 5204log,7fffb7d89010,138981010,986
[  761.858729] 5204log,7fffb7d89010,106471010,972
[  762.553654] 5204log,7fffb7d89010,107fca010,851
[  763.238694] 5204log,7fffb7d89010,135128010,996
[  763.896148] 5204log,7fffb7d89010,103ca7010,547
[  764.526291] 5204log,7fffb7d89010,12cde1010,772
[  765.251539] 5204log,7fffb7d89010,10e520010,759
[  765.934584] 5204log,7fffb7d89010,113609010,622
[  766.606722] 5204log,7fffb7d89010,13058d010,888
[  767.264068] 5204log,7fffb7d89010,1115e8010,381
[  767.948330] 5204log,7fffb7d89010,131992010,691
[  768.549431] 5204log,7fffb7d89010,10806c010,633
[  769.236128] 5204log,7fffb7d89010,131973010,754
[  769.915986] 5204log,7fffb7d89010,108f7f010,426
[  770.606809] 5204log,7fffb7d89010,10e813010,388
[  771.250581] 5204log,7fffb7d89010,10775d010,589
[  771.975364] 5204log,7fffb7d89010,13072d010,599
[  772.569106] 5204log,7fffb7d89010,130773010,569
[  773.168570] 5204log,7fffb7d89010,108f7e010,1446
[  773.767841] 5204log,7fffb7d89010,1397b0010,722
[  774.361470] 5204log,7fffb7d89010,10d0be010,585
[  775.051373] 5204log,7fffb7d89010,110bbd010,580
[  775.657863] 5204log,7fffb7d89010,107e7d010,751
[  776.386243] 5204log,7fffb7d89010,13076f010,985
[  777.091315] 5204log,7fffb7d89010,10c00c010,908
[  777.734227] 5204log,7fffb7d89010,12b8bd010,1081
[  778.417429] 5204log,7fffb7d89010,1311a8010,381
[  779.106651] 5204log,7fffb7d89010,1317db010,707
[  779.845485] 5204log,7fffb7d89010,12cb01010,334
[  780.479520] 5204log,7fffb7d89010,1356e8010,1117
[  781.174257] 5204log,7fffb7d89010,1267ed010,961
[  781.832446] 5204log,7fffb7d89010,1398fe010,624
[  782.432432] 5204log,7fffb7d89010,13004f010,385
[  783.033624] 5204log,7fffb7d89010,137fdc010,572
[  783.635371] 5204log,7fffb7d89010,12a723010,388
[  784.320381] 5204log,7fffb7d89010,109b32010,830
[  784.914524] 5204log,7fffb7d89010,109b54010,1076
[  785.552058] 5204log,7fffb7d89010,1383e5010,566
[  786.243422] 5204log,7fffb7d89010,12ea6f010,872
[  786.918443] 5204log,7fffb7d89010,113eec010,910
[  787.565635] 5204log,7fffb7d89010,12b7ef010,399
[  788.244847] 5204log,7fffb7d89010,1395e5010,542
[  788.847830] 5204log,7fffb7d89010,11531a010,374
[  789.526527] 5204log,7fffb7d89010,104065010,816
[  790.184655] 5204log,7fffb7d89010,138ef8010,768
[  790.785536] 5204log,7fffb7d89010,137ff0010,608
[  791.383959] 5204log,7fffb7d89010,136cba010,399
[  791.977613] 5204log,7fffb7d89010,10c02b010,1910
[  792.615665] 5204log,7fffb7d89010,12dc41010,935
[  793.299765] 5204log,7fffb7d89010,133c40010,642
[  793.930433] 5204log,7fffb7d89010,112cf9010,399
[  794.656110] 5204log,7fffb7d89010,133c53010,592
[  795.282892] 5204log,7fffb7d89010,133c38010,516
[  795.888215] 5204log,7fffb7d89010,136c70010,820
[  796.575874] 5204log,7fffb7d89010,138018010,404
[  797.177999] 5204log,7fffb7d89010,115328010,364
[  797.866121] 5204log,7fffb7d89010,138061010,1067
[  798.591025] 5204log,7fffb7d89010,117185010,416
[  799.229243] 5204log,7fffb7d89010,12abaf010,632
[  799.918330] 5204log,7fffb7d89010,11718b010,415
[  800.606149] 5204log,7fffb7d89010,1166af010,1021
[  801.270153] 5204log,7fffb7d89010,10c0e2010,559
[  801.905714] 5204log,7fffb7d89010,10714d010,616
